Commands to execute tool:
set -e;
echo '  'Creating target-stratix4/stratix4_plat_rv.qxp with top == stratix4_plat_rv\; details in target-stratix4/quartus-stratix4_plat_rv.out.;
rm -r -f db incremental_db stratix4_plat_rv.qxp stratix4_plat_rv.*.rpt stratix4_plat_rv.*.summary stratix4_plat_rv.qpf stratix4_plat_rv.qsf stratix4_plat_rv.qxp;
if test -f stratix4_plat_rv.qsf;
then cp stratix4_plat_rv.qsf stratix4_plat_rv.qsf.bak;
fi;
source /home/user/opencpi/ocpi_util/cdk/include/hdl/quartus_qsf_gen.sh;
( echo '#' Common assignments whether a library or a core;
echo set_global_assignment -name FAMILY '"'Stratix IV'"';
echo set_global_assignment -name DEVICE EP4SGX230KF40C2;
echo set_global_assignment -name TOP_LEVEL_ENTITY stratix4_plat_rv;
echo '# Search path(s) for local files';
echo set_global_assignment -name SEARCH_PATH '"'.'"';
echo set_global_assignment -name SEARCH_PATH '"'..'"';
echo set_global_assignment -name SEARCH_PATH '"'../gen'"';
echo set_global_assignment -name SEARCH_PATH '"'../../../../../../../cdk/include/hdl'"';
echo '#' Assignments for adding libraries to search path;
echo set_global_assignment -name SEARCH_PATH '"'../../../../imports/ocpi.core/exports/lib/hdl/platform/stratix4'"';
echo set_global_assignment -name VHDL_FILE -library platform '"'/home/user/opencpi/ocpi_util/tests/pytests/utilization_proj/imports/ocpi.core/exports/lib/hdl/platform/stratix4//platform_pkg.vhd'"';
echo set_global_assignment -name VHDL_FILE -library platform '"'/home/user/opencpi/ocpi_util/tests/pytests/utilization_proj/imports/ocpi.core/exports/lib/hdl/platform/stratix4//platform_body.vhd'"';
echo set_global_assignment -name SEARCH_PATH '"'../../../../imports/ocpi.core/exports/lib/hdl/fixed_float/stratix4'"';
echo set_global_assignment -name VHDL_FILE -library fixed_float '"'/home/user/opencpi/ocpi_util/tests/pytests/utilization_proj/imports/ocpi.core/exports/lib/hdl/fixed_float/stratix4//fixed_float_types_pkg.vhd'"';
echo set_global_assignment -name VHDL_FILE -library fixed_float '"'/home/user/opencpi/ocpi_util/tests/pytests/utilization_proj/imports/ocpi.core/exports/lib/hdl/fixed_float/stratix4//float_pkg.vhd'"';
echo set_global_assignment -name VHDL_FILE -library fixed_float '"'/home/user/opencpi/ocpi_util/tests/pytests/utilization_proj/imports/ocpi.core/exports/lib/hdl/fixed_float/stratix4//float_body.vhd'"';
echo set_global_assignment -name VHDL_FILE -library fixed_float '"'/home/user/opencpi/ocpi_util/tests/pytests/utilization_proj/imports/ocpi.core/exports/lib/hdl/fixed_float/stratix4//fixed_pkg.vhd'"';
echo set_global_assignment -name VHDL_FILE -library fixed_float '"'/home/user/opencpi/ocpi_util/tests/pytests/utilization_proj/imports/ocpi.core/exports/lib/hdl/fixed_float/stratix4//fixed_body.vhd'"';
echo set_global_assignment -name SEARCH_PATH '"'../../../../imports/ocpi.core/exports/lib/hdl/ocpi/stratix4'"';
echo set_global_assignment -name VHDL_FILE -library ocpi '"'/home/user/opencpi/ocpi_util/tests/pytests/utilization_proj/imports/ocpi.core/exports/lib/hdl/ocpi/stratix4//props_pkg.vhd'"';
echo set_global_assignment -name VHDL_FILE -library ocpi '"'/home/user/opencpi/ocpi_util/tests/pytests/utilization_proj/imports/ocpi.core/exports/lib/hdl/ocpi/stratix4//wci_pkg.vhd'"';
echo set_global_assignment -name VHDL_FILE -library ocpi '"'/home/user/opencpi/ocpi_util/tests/pytests/utilization_proj/imports/ocpi.core/exports/lib/hdl/ocpi/stratix4//wci_body.vhd'"';
echo set_global_assignment -name VHDL_FILE -library ocpi '"'/home/user/opencpi/ocpi_util/tests/pytests/utilization_proj/imports/ocpi.core/exports/lib/hdl/ocpi/stratix4//types_pkg.vhd'"';
echo set_global_assignment -name VHDL_FILE -library ocpi '"'/home/user/opencpi/ocpi_util/tests/pytests/utilization_proj/imports/ocpi.core/exports/lib/hdl/ocpi/stratix4//types_body.vhd'"';
echo set_global_assignment -name VHDL_FILE -library ocpi '"'/home/user/opencpi/ocpi_util/tests/pytests/utilization_proj/imports/ocpi.core/exports/lib/hdl/ocpi/stratix4//wsi_pkg.vhd'"';
echo set_global_assignment -name VHDL_FILE -library ocpi '"'/home/user/opencpi/ocpi_util/tests/pytests/utilization_proj/imports/ocpi.core/exports/lib/hdl/ocpi/stratix4//wsi_body.vhd'"';
echo set_global_assignment -name VHDL_FILE -library ocpi '"'/home/user/opencpi/ocpi_util/tests/pytests/utilization_proj/imports/ocpi.core/exports/lib/hdl/ocpi/stratix4//ocp_pkg.vhd'"';
echo set_global_assignment -name VHDL_FILE -library ocpi '"'/home/user/opencpi/ocpi_util/tests/pytests/utilization_proj/imports/ocpi.core/exports/lib/hdl/ocpi/stratix4//util_pkg.vhd'"';
echo set_global_assignment -name VHDL_FILE -library ocpi '"'/home/user/opencpi/ocpi_util/tests/pytests/utilization_proj/imports/ocpi.core/exports/lib/hdl/ocpi/stratix4//util_body.vhd'"';
echo set_global_assignment -name SEARCH_PATH '"'../../../../imports/ocpi.core/exports/lib/hdl/util/stratix4'"';
echo set_global_assignment -name VHDL_FILE -library util '"'/home/user/opencpi/ocpi_util/tests/pytests/utilization_proj/imports/ocpi.core/exports/lib/hdl/util/stratix4//types_pkg.vhd'"';
echo set_global_assignment -name VHDL_FILE -library util '"'/home/user/opencpi/ocpi_util/tests/pytests/utilization_proj/imports/ocpi.core/exports/lib/hdl/util/stratix4//util_pkg.vhd'"';
echo set_global_assignment -name VHDL_FILE -library util '"'/home/user/opencpi/ocpi_util/tests/pytests/utilization_proj/imports/ocpi.core/exports/lib/hdl/util/stratix4//util_body.vhd'"';
echo set_global_assignment -name SEARCH_PATH '"'../../../../imports/ocpi.core/exports/lib/hdl/bsv/stratix4'"';
echo set_global_assignment -name VHDL_FILE -library bsv '"'/home/user/opencpi/ocpi_util/tests/pytests/utilization_proj/imports/ocpi.core/exports/lib/hdl/bsv/stratix4//bsv_pkg.vhd'"';
echo '#' Assignment for local source files using search paths above;
hdl_files_no_vlg_libs stratix4_plat stratix4_plat-defs.vhd generics.vhd stratix4_plat-impl.vhd ../stratix4_plat.vhd ;
echo '#' Assignments for building cores;
echo set_global_assignment -name AUTO_EXPORT_INCREMENTAL_COMPILATION on;
echo set_global_assignment -name INCREMENTAL_COMPILATION_EXPORT_FILE stratix4_plat_rv.qxp;
echo set_global_assignment -name INCREMENTAL_COMPILATION_EXPORT_NETLIST_TYPE POST_SYNTH;
) > stratix4_plat_rv.qsf;
echo fit_stratixii_disallow_slm=On > quartus.ini;
cat -n stratix4_plat_rv.qsf;
set -e;
(set -o pipefail;
set +e;
export LM_LICENSE_FILE=2100@license_server ;
/usr/bin/time -f %E /opt/Altera/17.1/quartus/bin/quartus_map --64bit --write_settings_files=off stratix4_plat_rv > stratix4_plat_rv-map.tmp 2>&1;
ST=$?;
sed 's/^.\[0m.\[0;
32m//' < stratix4_plat_rv-map.tmp > stratix4_plat_rv-map.out ;
rm stratix4_plat_rv-map.tmp ;
if test $ST = 0;
then /bin/echo -n quartus_map:' succeeded ' ;
tail -1 stratix4_plat_rv-map.out | tee x1 | tr -d \\n | tee x2;
/bin/echo -n ' at ' && date +%T ;
else /bin/echo  quartus_map: failed with status $ST \(see results in target-stratix4/stratix4_plat_rv-map.out\);
fi;
exit $ST);
(set -o pipefail;
set +e;
export LM_LICENSE_FILE=2100@license_server ;
/usr/bin/time -f %E /opt/Altera/17.1/quartus/bin/quartus_cdb --64bit --merge --write_settings_files=off stratix4_plat_rv > stratix4_plat_rv-merge.tmp 2>&1;
ST=$?;
sed 's/^.\[0m.\[0;
32m//' < stratix4_plat_rv-merge.tmp > stratix4_plat_rv-merge.out ;
rm stratix4_plat_rv-merge.tmp ;
if test $ST = 0;
then /bin/echo -n quartus_cdb:' succeeded ' ;
tail -1 stratix4_plat_rv-merge.out | tee x1 | tr -d \\n | tee x2;
/bin/echo -n ' at ' && date +%T ;
else /bin/echo  quartus_cdb: failed with status $ST \(see results in target-stratix4/stratix4_plat_rv-merge.out\);
fi;
exit $ST);
(set -o pipefail;
set +e;
export LM_LICENSE_FILE=2100@license_server ;
/usr/bin/time -f %E /opt/Altera/17.1/quartus/bin/quartus_cdb --64bit --incremental_compilation_export --write_settings_files=off stratix4_plat_rv > stratix4_plat_rv-export.tmp 2>&1;
ST=$?;
sed 's/^.\[0m.\[0;
32m//' < stratix4_plat_rv-export.tmp > stratix4_plat_rv-export.out ;
rm stratix4_plat_rv-export.tmp ;
if test $ST = 0;
then /bin/echo -n quartus_cdb:' succeeded ' ;
tail -1 stratix4_plat_rv-export.out | tee x1 | tr -d \\n | tee x2;
/bin/echo -n ' at ' && date +%T ;
else /bin/echo  quartus_cdb: failed with status $ST \(see results in target-stratix4/stratix4_plat_rv-export.out\);
fi;
exit $ST) ;

Output from executing commands above:
  Creating target-stratix4/stratix4_plat_rv.qxp with top == stratix4_plat_rv; details in target-stratix4/quartus-stratix4_plat_rv.out.
     1	# Common assignments whether a library or a core
     2	set_global_assignment -name FAMILY "Stratix IV"
     3	set_global_assignment -name DEVICE EP4SGX230KF40C2
     4	set_global_assignment -name TOP_LEVEL_ENTITY stratix4_plat_rv
     5	# Search path(s) for local files
     6	set_global_assignment -name SEARCH_PATH "."
     7	set_global_assignment -name SEARCH_PATH ".."
     8	set_global_assignment -name SEARCH_PATH "../gen"
     9	set_global_assignment -name SEARCH_PATH "../../../../../../../cdk/include/hdl"
    10	# Assignments for adding libraries to search path
    11	set_global_assignment -name SEARCH_PATH "../../../../imports/ocpi.core/exports/lib/hdl/platform/stratix4"
    12	set_global_assignment -name VHDL_FILE -library platform "/home/user/opencpi/ocpi_util/tests/pytests/utilization_proj/imports/ocpi.core/exports/lib/hdl/platform/stratix4//platform_pkg.vhd"
    13	set_global_assignment -name VHDL_FILE -library platform "/home/user/opencpi/ocpi_util/tests/pytests/utilization_proj/imports/ocpi.core/exports/lib/hdl/platform/stratix4//platform_body.vhd"
    14	set_global_assignment -name SEARCH_PATH "../../../../imports/ocpi.core/exports/lib/hdl/fixed_float/stratix4"
    15	set_global_assignment -name VHDL_FILE -library fixed_float "/home/user/opencpi/ocpi_util/tests/pytests/utilization_proj/imports/ocpi.core/exports/lib/hdl/fixed_float/stratix4//fixed_float_types_pkg.vhd"
    16	set_global_assignment -name VHDL_FILE -library fixed_float "/home/user/opencpi/ocpi_util/tests/pytests/utilization_proj/imports/ocpi.core/exports/lib/hdl/fixed_float/stratix4//float_pkg.vhd"
    17	set_global_assignment -name VHDL_FILE -library fixed_float "/home/user/opencpi/ocpi_util/tests/pytests/utilization_proj/imports/ocpi.core/exports/lib/hdl/fixed_float/stratix4//float_body.vhd"
    18	set_global_assignment -name VHDL_FILE -library fixed_float "/home/user/opencpi/ocpi_util/tests/pytests/utilization_proj/imports/ocpi.core/exports/lib/hdl/fixed_float/stratix4//fixed_pkg.vhd"
    19	set_global_assignment -name VHDL_FILE -library fixed_float "/home/user/opencpi/ocpi_util/tests/pytests/utilization_proj/imports/ocpi.core/exports/lib/hdl/fixed_float/stratix4//fixed_body.vhd"
    20	set_global_assignment -name SEARCH_PATH "../../../../imports/ocpi.core/exports/lib/hdl/ocpi/stratix4"
    21	set_global_assignment -name VHDL_FILE -library ocpi "/home/user/opencpi/ocpi_util/tests/pytests/utilization_proj/imports/ocpi.core/exports/lib/hdl/ocpi/stratix4//props_pkg.vhd"
    22	set_global_assignment -name VHDL_FILE -library ocpi "/home/user/opencpi/ocpi_util/tests/pytests/utilization_proj/imports/ocpi.core/exports/lib/hdl/ocpi/stratix4//wci_pkg.vhd"
    23	set_global_assignment -name VHDL_FILE -library ocpi "/home/user/opencpi/ocpi_util/tests/pytests/utilization_proj/imports/ocpi.core/exports/lib/hdl/ocpi/stratix4//wci_body.vhd"
    24	set_global_assignment -name VHDL_FILE -library ocpi "/home/user/opencpi/ocpi_util/tests/pytests/utilization_proj/imports/ocpi.core/exports/lib/hdl/ocpi/stratix4//types_pkg.vhd"
    25	set_global_assignment -name VHDL_FILE -library ocpi "/home/user/opencpi/ocpi_util/tests/pytests/utilization_proj/imports/ocpi.core/exports/lib/hdl/ocpi/stratix4//types_body.vhd"
    26	set_global_assignment -name VHDL_FILE -library ocpi "/home/user/opencpi/ocpi_util/tests/pytests/utilization_proj/imports/ocpi.core/exports/lib/hdl/ocpi/stratix4//wsi_pkg.vhd"
    27	set_global_assignment -name VHDL_FILE -library ocpi "/home/user/opencpi/ocpi_util/tests/pytests/utilization_proj/imports/ocpi.core/exports/lib/hdl/ocpi/stratix4//wsi_body.vhd"
    28	set_global_assignment -name VHDL_FILE -library ocpi "/home/user/opencpi/ocpi_util/tests/pytests/utilization_proj/imports/ocpi.core/exports/lib/hdl/ocpi/stratix4//ocp_pkg.vhd"
    29	set_global_assignment -name VHDL_FILE -library ocpi "/home/user/opencpi/ocpi_util/tests/pytests/utilization_proj/imports/ocpi.core/exports/lib/hdl/ocpi/stratix4//util_pkg.vhd"
    30	set_global_assignment -name VHDL_FILE -library ocpi "/home/user/opencpi/ocpi_util/tests/pytests/utilization_proj/imports/ocpi.core/exports/lib/hdl/ocpi/stratix4//util_body.vhd"
    31	set_global_assignment -name SEARCH_PATH "../../../../imports/ocpi.core/exports/lib/hdl/util/stratix4"
    32	set_global_assignment -name VHDL_FILE -library util "/home/user/opencpi/ocpi_util/tests/pytests/utilization_proj/imports/ocpi.core/exports/lib/hdl/util/stratix4//types_pkg.vhd"
    33	set_global_assignment -name VHDL_FILE -library util "/home/user/opencpi/ocpi_util/tests/pytests/utilization_proj/imports/ocpi.core/exports/lib/hdl/util/stratix4//util_pkg.vhd"
    34	set_global_assignment -name VHDL_FILE -library util "/home/user/opencpi/ocpi_util/tests/pytests/utilization_proj/imports/ocpi.core/exports/lib/hdl/util/stratix4//util_body.vhd"
    35	set_global_assignment -name SEARCH_PATH "../../../../imports/ocpi.core/exports/lib/hdl/bsv/stratix4"
    36	set_global_assignment -name VHDL_FILE -library bsv "/home/user/opencpi/ocpi_util/tests/pytests/utilization_proj/imports/ocpi.core/exports/lib/hdl/bsv/stratix4//bsv_pkg.vhd"
    37	# Assignment for local source files using search paths above
    38	# Assignments for stratix4_plat local sources files without library name for VERILOG files
    39	set_global_assignment -name VHDL_FILE -library stratix4_plat "stratix4_plat-defs.vhd"
    40	set_global_assignment -name VHDL_FILE -library stratix4_plat "generics.vhd"
    41	set_global_assignment -name VHDL_FILE -library stratix4_plat "stratix4_plat-impl.vhd"
    42	set_global_assignment -name VHDL_FILE -library stratix4_plat "../stratix4_plat.vhd"
    43	# Assignments for building cores
    44	set_global_assignment -name AUTO_EXPORT_INCREMENTAL_COMPILATION on
    45	set_global_assignment -name INCREMENTAL_COMPILATION_EXPORT_FILE stratix4_plat_rv.qxp
    46	set_global_assignment -name INCREMENTAL_COMPILATION_EXPORT_NETLIST_TYPE POST_SYNTH
quartus_map: succeeded 0:39.19 at 10:50:23
quartus_cdb: succeeded 0:03.76 at 10:50:27
quartus_cdb: succeeded 0:02.46 at 10:50:30
0:45.53 at 10:50:30
