. /opt/Xilinx/14.7/ISE_DS/common/.settings64.sh /opt/Xilinx/14.7/ISE_DS/common
. /opt/Xilinx/14.7/ISE_DS/EDK/.settings64.sh /opt/Xilinx/14.7/ISE_DS/EDK
. /opt/Xilinx/14.7/ISE_DS/PlanAhead/.settings64.sh /opt/Xilinx/14.7/ISE_DS/PlanAhead
. /opt/Xilinx/14.7/ISE_DS/ISE/.settings64.sh /opt/Xilinx/14.7/ISE_DS/ISE
Command: promgen -w -p mcs -c FF -x xcf128x -data_width 16 -u 00000000 util_assemb_ml605_base.bit
Release 14.7 - Promgen P.20131013 (lin64)
Copyright (c) 1995-2013 Xilinx, Inc.  All rights reserved.
INFO:Bitstream:181 - The start address provided has been multiplied by a factor
   of 2 due to the use of the x16 data width
0x8ce03c (9232444) bytes loaded up from 0x0
Using user-specified prom size of 16384K
Writing file "util_assemb_ml605_base.mcs".
Writing file "util_assemb_ml605_base.prm".
Writing file "util_assemb_ml605_base.cfi".
Exit status: 0
Elapsed time:0:04.28, completed at 09:07:08
