. /opt/Xilinx/14.7/ISE_DS/common/.settings64.sh /opt/Xilinx/14.7/ISE_DS/common
. /opt/Xilinx/14.7/ISE_DS/EDK/.settings64.sh /opt/Xilinx/14.7/ISE_DS/EDK
. /opt/Xilinx/14.7/ISE_DS/PlanAhead/.settings64.sh /opt/Xilinx/14.7/ISE_DS/PlanAhead
. /opt/Xilinx/14.7/ISE_DS/ISE/.settings64.sh /opt/Xilinx/14.7/ISE_DS/ISE
Command: trce -v 200 -fastpaths -xml fpgaTop.twx -o util_assemb_ml605_base.twr util_assemb_ml605_base-par.ncd util_assemb_ml605_base.pcf
Release 14.7 - Trace  (lin64)
Copyright (c) 1995-2013 Xilinx, Inc.  All rights reserved.


Loading device for application Rf_Device from file '6vlx240t.nph' in environment
/opt/Xilinx/14.7/ISE_DS/ISE/.
   "util_assemb_ml605_base" is an NCD, version 3.2, device xc6vlx240t, package
ff1156, speed -1
--------------------------------------------------------------------------------
Release 14.7 Trace  (lin64)
Copyright (c) 1995-2013 Xilinx, Inc.  All rights reserved.

/opt/Xilinx/14.7/ISE_DS/ISE/bin/lin64/unwrapped/trce -v 200 -fastpaths -xml
fpgaTop.twx -o util_assemb_ml605_base.twr util_assemb_ml605_base-par.ncd
util_assemb_ml605_base.pcf


Design file:              util_assemb_ml605_base-par.ncd
Physical constraint file: util_assemb_ml605_base.pcf
Device,speed:             xc6vlx240t,-1 (PRODUCTION 1.17 2013-10-13, STEPPING
level 0)
Report level:             verbose report, limited to 200 items per constraint
--------------------------------------------------------------------------------

INFO:Timing:3412 - To improve timing, see the Timing Closure User Guide (UG612).
INFO:Timing:2752 - To get complete path coverage, use the unconstrained paths option. All paths that are not constrained will be reported in
   the unconstrained paths section(s) of the report.
INFO:Timing:3339 - The clock-to-out numbers in this timing report are based on a 50 Ohm transmission line loading model.  For the details of
   this model, and for more information on accounting for different loading conditions, please see the device datasheet.


Timing summary:
---------------

Timing errors: 0  Score: 0 (Setup/Max: 0, Hold: 0)

Constraints cover 227538 paths, 0 nets, and 25919 connections

Design statistics:
   Minimum period:   7.846ns (Maximum frequency: 127.453MHz)


Analysis completed Wed Oct 17 09:06:11 2018
--------------------------------------------------------------------------------

Generating Report ...

Number of warnings: 0
Number of info messages: 3
Total time: 19 secs 
Exit status: 0
Elapsed time:0:21.40, completed at 09:06:12
