Info: *******************************************************************
Info: Running Quartus Prime Partition Merge
    Info: Version 17.1.0 Build 590 10/25/2017 SJ Standard Edition
    Info: Copyright (C) 2017  Intel Corporation. All rights reserved.
    Info: Your use of Intel Corporation's design tools, logic functions 
    Info: and other software and tools, and its AMPP partner logic 
    Info: functions, and any output files from any of the foregoing 
    Info: (including device programming or simulation files), and any 
    Info: associated documentation or information are expressly subject 
    Info: to the terms and conditions of the Intel Program License 
    Info: Subscription Agreement, the Intel Quartus Prime License Agreement,
    Info: the Intel FPGA IP License Agreement, or other applicable license
    Info: agreement, including, without limitation, that your use is for
    Info: the sole purpose of programming logic devices manufactured by
    Info: Intel and sold by Intel or its authorized distributors.  Please
    Info: refer to the applicable agreement for further details.
    Info: Processing started: Wed Oct 17 12:26:03 2018
Info: Command: quartus_cdb --64bit --merge=on --write_settings_files=off util_wkr
Info: Using INI file /home/user/opencpi/ocpi_util/tests/pytests/utilization_proj/components/util_wkr.hdl/target-stratix4/quartus.ini
Warning (18236): Number of processors has not been specified which may cause overloading on shared machines.  Set the global assignment NUM_PARALLEL_PROCESSORS in your QSF to an appropriate value for best performance.
Info (35007): Using synthesis netlist for partition "Top"
Info (35002): Resolved and merged 1 partition(s)
Info (16010): Generating hard_block partition "hard_block:auto_generated_inst"
    Info (16011): Adding 0 node(s), including 0 DDIO, 0 PLL, 0 transceiver and 0 LCELL
Warning (21074): Design contains 4 input pin(s) that do not drive logic
    Warning (15610): No output dependent on input pin "ctl_MAddr[0]" File: /home/user/opencpi/ocpi_util/tests/pytests/utilization_proj/components/util_wkr.hdl/target-stratix4/util_wkr-impl.vhd Line: 267
    Warning (15610): No output dependent on input pin "ctl_MAddr[1]" File: /home/user/opencpi/ocpi_util/tests/pytests/utilization_proj/components/util_wkr.hdl/target-stratix4/util_wkr-impl.vhd Line: 267
    Warning (15610): No output dependent on input pin "ctl_MFlag[0]" File: /home/user/opencpi/ocpi_util/tests/pytests/utilization_proj/components/util_wkr.hdl/target-stratix4/util_wkr-impl.vhd Line: 269
    Warning (15610): No output dependent on input pin "ctl_MFlag[1]" File: /home/user/opencpi/ocpi_util/tests/pytests/utilization_proj/components/util_wkr.hdl/target-stratix4/util_wkr-impl.vhd Line: 269
Info (21057): Implemented 45 device resources after synthesis - the final resource count might be different
    Info (21058): Implemented 12 input pins
    Info (21059): Implemented 6 output pins
    Info (21061): Implemented 27 logic cells
Info: Quartus Prime Partition Merge was successful. 0 errors, 6 warnings
    Info: Peak virtual memory: 1346 megabytes
    Info: Processing ended: Wed Oct 17 12:26:03 2018
    Info: Elapsed time: 00:00:00
    Info: Total CPU time (on all processors): 00:00:01
0:01.71
