Commands to execute tool:
set -e;
echo '  'Creating target-stratix4/base_rv.qxp with top == base_rv\; details in target-stratix4/quartus-base_rv.out.;
rm -r -f db incremental_db base_rv.qxp base_rv.*.rpt base_rv.*.summary base_rv.qpf base_rv.qsf base_rv.qxp;
if test -f base_rv.qsf;
then cp base_rv.qsf base_rv.qsf.bak;
fi;
source /home/user/opencpi/ocpi_util/cdk/include/hdl/quartus_qsf_gen.sh;
( echo '#' Common assignments whether a library or a core;
echo set_global_assignment -name FAMILY '"'Stratix IV'"';
echo set_global_assignment -name DEVICE EP4SGX230KF40C2;
echo set_global_assignment -name TOP_LEVEL_ENTITY base_rv;
echo '#' Import QXP file for each core;
echo set_global_assignment -name QXP_FILE '"'../../lib/hdl/stratix4/stratix4_plat_rv.qxp'"';
hdl_files stratix4_plat ../../lib/hdl/stratix4/stratix4_plat.vhd ../../lib/hdl/stratix4/stratix4_plat_rv-generics.vhd ;
echo set_global_assignment -name QXP_FILE '"'../../../../../imports/ocpi.core/exports/lib/devices/hdl/stratix4/time_server_rv.qxp'"';
hdl_files time_server ../../../../../imports/ocpi.core/exports/lib/devices/hdl/stratix4/time_server.vhd ../../../../../imports/ocpi.core/exports/lib/devices/hdl/stratix4/time_server_rv-generics.vhd ;
echo '# Search path(s) for local files';
echo set_global_assignment -name SEARCH_PATH '"'.'"';
echo set_global_assignment -name SEARCH_PATH '"'../gen'"';
echo set_global_assignment -name SEARCH_PATH '"'..'"';
echo set_global_assignment -name SEARCH_PATH '"'../../../../../../../../cdk/include/hdl'"';
echo '#' Assignments for adding libraries to search path;
echo set_global_assignment -name SEARCH_PATH '"'../../../../../imports/ocpi.core/exports/lib/hdl/platform/stratix4'"';
echo set_global_assignment -name VHDL_FILE -library platform '"'/home/user/opencpi/ocpi_util/tests/pytests/utilization_proj/imports/ocpi.core/exports/lib/hdl/platform/stratix4//platform_pkg.vhd'"';
echo set_global_assignment -name VHDL_FILE -library platform '"'/home/user/opencpi/ocpi_util/tests/pytests/utilization_proj/imports/ocpi.core/exports/lib/hdl/platform/stratix4//platform_body.vhd'"';
echo set_global_assignment -name SEARCH_PATH '"'../../../../../imports/ocpi.core/exports/lib/hdl/fixed_float/stratix4'"';
echo set_global_assignment -name VHDL_FILE -library fixed_float '"'/home/user/opencpi/ocpi_util/tests/pytests/utilization_proj/imports/ocpi.core/exports/lib/hdl/fixed_float/stratix4//fixed_float_types_pkg.vhd'"';
echo set_global_assignment -name VHDL_FILE -library fixed_float '"'/home/user/opencpi/ocpi_util/tests/pytests/utilization_proj/imports/ocpi.core/exports/lib/hdl/fixed_float/stratix4//float_pkg.vhd'"';
echo set_global_assignment -name VHDL_FILE -library fixed_float '"'/home/user/opencpi/ocpi_util/tests/pytests/utilization_proj/imports/ocpi.core/exports/lib/hdl/fixed_float/stratix4//float_body.vhd'"';
echo set_global_assignment -name VHDL_FILE -library fixed_float '"'/home/user/opencpi/ocpi_util/tests/pytests/utilization_proj/imports/ocpi.core/exports/lib/hdl/fixed_float/stratix4//fixed_pkg.vhd'"';
echo set_global_assignment -name VHDL_FILE -library fixed_float '"'/home/user/opencpi/ocpi_util/tests/pytests/utilization_proj/imports/ocpi.core/exports/lib/hdl/fixed_float/stratix4//fixed_body.vhd'"';
echo set_global_assignment -name SEARCH_PATH '"'../../../../../imports/ocpi.core/exports/lib/hdl/ocpi/stratix4'"';
echo set_global_assignment -name VHDL_FILE -library ocpi '"'/home/user/opencpi/ocpi_util/tests/pytests/utilization_proj/imports/ocpi.core/exports/lib/hdl/ocpi/stratix4//props_pkg.vhd'"';
echo set_global_assignment -name VHDL_FILE -library ocpi '"'/home/user/opencpi/ocpi_util/tests/pytests/utilization_proj/imports/ocpi.core/exports/lib/hdl/ocpi/stratix4//wci_pkg.vhd'"';
echo set_global_assignment -name VHDL_FILE -library ocpi '"'/home/user/opencpi/ocpi_util/tests/pytests/utilization_proj/imports/ocpi.core/exports/lib/hdl/ocpi/stratix4//wci_body.vhd'"';
echo set_global_assignment -name VHDL_FILE -library ocpi '"'/home/user/opencpi/ocpi_util/tests/pytests/utilization_proj/imports/ocpi.core/exports/lib/hdl/ocpi/stratix4//types_pkg.vhd'"';
echo set_global_assignment -name VHDL_FILE -library ocpi '"'/home/user/opencpi/ocpi_util/tests/pytests/utilization_proj/imports/ocpi.core/exports/lib/hdl/ocpi/stratix4//types_body.vhd'"';
echo set_global_assignment -name VHDL_FILE -library ocpi '"'/home/user/opencpi/ocpi_util/tests/pytests/utilization_proj/imports/ocpi.core/exports/lib/hdl/ocpi/stratix4//wsi_pkg.vhd'"';
echo set_global_assignment -name VHDL_FILE -library ocpi '"'/home/user/opencpi/ocpi_util/tests/pytests/utilization_proj/imports/ocpi.core/exports/lib/hdl/ocpi/stratix4//wsi_body.vhd'"';
echo set_global_assignment -name VHDL_FILE -library ocpi '"'/home/user/opencpi/ocpi_util/tests/pytests/utilization_proj/imports/ocpi.core/exports/lib/hdl/ocpi/stratix4//ocp_pkg.vhd'"';
echo set_global_assignment -name VHDL_FILE -library ocpi '"'/home/user/opencpi/ocpi_util/tests/pytests/utilization_proj/imports/ocpi.core/exports/lib/hdl/ocpi/stratix4//util_pkg.vhd'"';
echo set_global_assignment -name VHDL_FILE -library ocpi '"'/home/user/opencpi/ocpi_util/tests/pytests/utilization_proj/imports/ocpi.core/exports/lib/hdl/ocpi/stratix4//util_body.vhd'"';
echo set_global_assignment -name SEARCH_PATH '"'../../../../../imports/ocpi.core/exports/lib/hdl/util/stratix4'"';
echo set_global_assignment -name VHDL_FILE -library util '"'/home/user/opencpi/ocpi_util/tests/pytests/utilization_proj/imports/ocpi.core/exports/lib/hdl/util/stratix4//types_pkg.vhd'"';
echo set_global_assignment -name VHDL_FILE -library util '"'/home/user/opencpi/ocpi_util/tests/pytests/utilization_proj/imports/ocpi.core/exports/lib/hdl/util/stratix4//util_pkg.vhd'"';
echo set_global_assignment -name VHDL_FILE -library util '"'/home/user/opencpi/ocpi_util/tests/pytests/utilization_proj/imports/ocpi.core/exports/lib/hdl/util/stratix4//util_body.vhd'"';
echo set_global_assignment -name SEARCH_PATH '"'../../../../../imports/ocpi.core/exports/lib/hdl/bsv/stratix4'"';
echo set_global_assignment -name VHDL_FILE -library bsv '"'/home/user/opencpi/ocpi_util/tests/pytests/utilization_proj/imports/ocpi.core/exports/lib/hdl/bsv/stratix4//bsv_pkg.vhd'"';
echo '#' Assignment for local source files using search paths above;
hdl_files_no_vlg_libs base base-defs.vhd generics.vhd base-impl.vhd ../gen/base-assy.vhd ;
) > base_rv.qsf;
echo fit_stratixii_disallow_slm=On > quartus.ini;
cat -n base_rv.qsf;
set -e;
(set -o pipefail;
set +e;
export LM_LICENSE_FILE=2100@license_server ;
/usr/bin/time -f %E /opt/Altera/17.1/quartus/bin/quartus_map --64bit --write_settings_files=off base_rv > base_rv-map.tmp 2>&1;
ST=$?;
sed 's/^.\[0m.\[0;
32m//' < base_rv-map.tmp > base_rv-map.out ;
rm base_rv-map.tmp ;
if test $ST = 0;
then /bin/echo -n quartus_map:' succeeded ' ;
tail -1 base_rv-map.out | tee x1 | tr -d \\n | tee x2;
/bin/echo -n ' at ' && date +%T ;
else /bin/echo  quartus_map: failed with status $ST \(see results in target-stratix4/base_rv-map.out\);
fi;
exit $ST);
(set -o pipefail;
set +e;
export LM_LICENSE_FILE=2100@license_server ;
/usr/bin/time -f %E /opt/Altera/17.1/quartus/bin/quartus_cdb --64bit --merge --write_settings_files=off base_rv > base_rv-merge.tmp 2>&1;
ST=$?;
sed 's/^.\[0m.\[0;
32m//' < base_rv-merge.tmp > base_rv-merge.out ;
rm base_rv-merge.tmp ;
if test $ST = 0;
then /bin/echo -n quartus_cdb:' succeeded ' ;
tail -1 base_rv-merge.out | tee x1 | tr -d \\n | tee x2;
/bin/echo -n ' at ' && date +%T ;
else /bin/echo  quartus_cdb: failed with status $ST \(see results in target-stratix4/base_rv-merge.out\);
fi;
exit $ST);
(set -o pipefail;
set +e;
export LM_LICENSE_FILE=2100@license_server ;
/usr/bin/time -f %E /opt/Altera/17.1/quartus/bin/quartus_cdb --64bit --incremental_compilation_export --write_settings_files=off base_rv > base_rv-export.tmp 2>&1;
ST=$?;
sed 's/^.\[0m.\[0;
32m//' < base_rv-export.tmp > base_rv-export.out ;
rm base_rv-export.tmp ;
if test $ST = 0;
then /bin/echo -n quartus_cdb:' succeeded ' ;
tail -1 base_rv-export.out | tee x1 | tr -d \\n | tee x2;
/bin/echo -n ' at ' && date +%T ;
else /bin/echo  quartus_cdb: failed with status $ST \(see results in target-stratix4/base_rv-export.out\);
fi;
exit $ST) ;

Output from executing commands above:
  Creating target-stratix4/base_rv.qxp with top == base_rv; details in target-stratix4/quartus-base_rv.out.
     1	# Common assignments whether a library or a core
     2	set_global_assignment -name FAMILY "Stratix IV"
     3	set_global_assignment -name DEVICE EP4SGX230KF40C2
     4	set_global_assignment -name TOP_LEVEL_ENTITY base_rv
     5	# Import QXP file for each core
     6	set_global_assignment -name QXP_FILE "../../lib/hdl/stratix4/stratix4_plat_rv.qxp"
     7	# Assignments for stratix4_plat local sources files
     8	set_global_assignment -name VHDL_FILE -library stratix4_plat "../../lib/hdl/stratix4/stratix4_plat.vhd"
     9	set_global_assignment -name VHDL_FILE -library stratix4_plat "../../lib/hdl/stratix4/stratix4_plat_rv-generics.vhd"
    10	set_global_assignment -name QXP_FILE "../../../../../imports/ocpi.core/exports/lib/devices/hdl/stratix4/time_server_rv.qxp"
    11	# Assignments for time_server local sources files
    12	set_global_assignment -name VHDL_FILE -library time_server "../../../../../imports/ocpi.core/exports/lib/devices/hdl/stratix4/time_server.vhd"
    13	set_global_assignment -name VHDL_FILE -library time_server "../../../../../imports/ocpi.core/exports/lib/devices/hdl/stratix4/time_server_rv-generics.vhd"
    14	# Search path(s) for local files
    15	set_global_assignment -name SEARCH_PATH "."
    16	set_global_assignment -name SEARCH_PATH "../gen"
    17	set_global_assignment -name SEARCH_PATH ".."
    18	set_global_assignment -name SEARCH_PATH "../../../../../../../../cdk/include/hdl"
    19	# Assignments for adding libraries to search path
    20	set_global_assignment -name SEARCH_PATH "../../../../../imports/ocpi.core/exports/lib/hdl/platform/stratix4"
    21	set_global_assignment -name VHDL_FILE -library platform "/home/user/opencpi/ocpi_util/tests/pytests/utilization_proj/imports/ocpi.core/exports/lib/hdl/platform/stratix4//platform_pkg.vhd"
    22	set_global_assignment -name VHDL_FILE -library platform "/home/user/opencpi/ocpi_util/tests/pytests/utilization_proj/imports/ocpi.core/exports/lib/hdl/platform/stratix4//platform_body.vhd"
    23	set_global_assignment -name SEARCH_PATH "../../../../../imports/ocpi.core/exports/lib/hdl/fixed_float/stratix4"
    24	set_global_assignment -name VHDL_FILE -library fixed_float "/home/user/opencpi/ocpi_util/tests/pytests/utilization_proj/imports/ocpi.core/exports/lib/hdl/fixed_float/stratix4//fixed_float_types_pkg.vhd"
    25	set_global_assignment -name VHDL_FILE -library fixed_float "/home/user/opencpi/ocpi_util/tests/pytests/utilization_proj/imports/ocpi.core/exports/lib/hdl/fixed_float/stratix4//float_pkg.vhd"
    26	set_global_assignment -name VHDL_FILE -library fixed_float "/home/user/opencpi/ocpi_util/tests/pytests/utilization_proj/imports/ocpi.core/exports/lib/hdl/fixed_float/stratix4//float_body.vhd"
    27	set_global_assignment -name VHDL_FILE -library fixed_float "/home/user/opencpi/ocpi_util/tests/pytests/utilization_proj/imports/ocpi.core/exports/lib/hdl/fixed_float/stratix4//fixed_pkg.vhd"
    28	set_global_assignment -name VHDL_FILE -library fixed_float "/home/user/opencpi/ocpi_util/tests/pytests/utilization_proj/imports/ocpi.core/exports/lib/hdl/fixed_float/stratix4//fixed_body.vhd"
    29	set_global_assignment -name SEARCH_PATH "../../../../../imports/ocpi.core/exports/lib/hdl/ocpi/stratix4"
    30	set_global_assignment -name VHDL_FILE -library ocpi "/home/user/opencpi/ocpi_util/tests/pytests/utilization_proj/imports/ocpi.core/exports/lib/hdl/ocpi/stratix4//props_pkg.vhd"
    31	set_global_assignment -name VHDL_FILE -library ocpi "/home/user/opencpi/ocpi_util/tests/pytests/utilization_proj/imports/ocpi.core/exports/lib/hdl/ocpi/stratix4//wci_pkg.vhd"
    32	set_global_assignment -name VHDL_FILE -library ocpi "/home/user/opencpi/ocpi_util/tests/pytests/utilization_proj/imports/ocpi.core/exports/lib/hdl/ocpi/stratix4//wci_body.vhd"
    33	set_global_assignment -name VHDL_FILE -library ocpi "/home/user/opencpi/ocpi_util/tests/pytests/utilization_proj/imports/ocpi.core/exports/lib/hdl/ocpi/stratix4//types_pkg.vhd"
    34	set_global_assignment -name VHDL_FILE -library ocpi "/home/user/opencpi/ocpi_util/tests/pytests/utilization_proj/imports/ocpi.core/exports/lib/hdl/ocpi/stratix4//types_body.vhd"
    35	set_global_assignment -name VHDL_FILE -library ocpi "/home/user/opencpi/ocpi_util/tests/pytests/utilization_proj/imports/ocpi.core/exports/lib/hdl/ocpi/stratix4//wsi_pkg.vhd"
    36	set_global_assignment -name VHDL_FILE -library ocpi "/home/user/opencpi/ocpi_util/tests/pytests/utilization_proj/imports/ocpi.core/exports/lib/hdl/ocpi/stratix4//wsi_body.vhd"
    37	set_global_assignment -name VHDL_FILE -library ocpi "/home/user/opencpi/ocpi_util/tests/pytests/utilization_proj/imports/ocpi.core/exports/lib/hdl/ocpi/stratix4//ocp_pkg.vhd"
    38	set_global_assignment -name VHDL_FILE -library ocpi "/home/user/opencpi/ocpi_util/tests/pytests/utilization_proj/imports/ocpi.core/exports/lib/hdl/ocpi/stratix4//util_pkg.vhd"
    39	set_global_assignment -name VHDL_FILE -library ocpi "/home/user/opencpi/ocpi_util/tests/pytests/utilization_proj/imports/ocpi.core/exports/lib/hdl/ocpi/stratix4//util_body.vhd"
    40	set_global_assignment -name SEARCH_PATH "../../../../../imports/ocpi.core/exports/lib/hdl/util/stratix4"
    41	set_global_assignment -name VHDL_FILE -library util "/home/user/opencpi/ocpi_util/tests/pytests/utilization_proj/imports/ocpi.core/exports/lib/hdl/util/stratix4//types_pkg.vhd"
    42	set_global_assignment -name VHDL_FILE -library util "/home/user/opencpi/ocpi_util/tests/pytests/utilization_proj/imports/ocpi.core/exports/lib/hdl/util/stratix4//util_pkg.vhd"
    43	set_global_assignment -name VHDL_FILE -library util "/home/user/opencpi/ocpi_util/tests/pytests/utilization_proj/imports/ocpi.core/exports/lib/hdl/util/stratix4//util_body.vhd"
    44	set_global_assignment -name SEARCH_PATH "../../../../../imports/ocpi.core/exports/lib/hdl/bsv/stratix4"
    45	set_global_assignment -name VHDL_FILE -library bsv "/home/user/opencpi/ocpi_util/tests/pytests/utilization_proj/imports/ocpi.core/exports/lib/hdl/bsv/stratix4//bsv_pkg.vhd"
    46	# Assignment for local source files using search paths above
    47	# Assignments for base local sources files without library name for VERILOG files
    48	set_global_assignment -name VHDL_FILE -library base "base-defs.vhd"
    49	set_global_assignment -name VHDL_FILE -library base "generics.vhd"
    50	set_global_assignment -name VHDL_FILE -library base "base-impl.vhd"
    51	set_global_assignment -name VHDL_FILE -library base "../gen/base-assy.vhd"
quartus_map: succeeded 0:11.94 at 10:58:04
quartus_cdb: succeeded 0:02.06 at 10:58:06
quartus_cdb: succeeded 0:02.48 at 10:58:09
0:16.59 at 10:58:09
