Info: *******************************************************************
Info: Running Quartus Prime Analysis & Synthesis
    Info: Version 17.1.0 Build 590 10/25/2017 SJ Standard Edition
    Info: Copyright (C) 2017  Intel Corporation. All rights reserved.
    Info: Your use of Intel Corporation's design tools, logic functions 
    Info: and other software and tools, and its AMPP partner logic 
    Info: functions, and any output files from any of the foregoing 
    Info: (including device programming or simulation files), and any 
    Info: associated documentation or information are expressly subject 
    Info: to the terms and conditions of the Intel Program License 
    Info: Subscription Agreement, the Intel Quartus Prime License Agreement,
    Info: the Intel FPGA IP License Agreement, or other applicable license
    Info: agreement, including, without limitation, that your use is for
    Info: the sole purpose of programming logic devices manufactured by
    Info: Intel and sold by Intel or its authorized distributors.  Please
    Info: refer to the applicable agreement for further details.
    Info: Processing started: Wed Oct 17 12:26:06 2018
Info: Command: quartus_map --64bit --write_settings_files=off util_wkr
Info: Using INI file /home/user/opencpi/ocpi_util/tests/pytests/utilization_proj/components/util_wkr.hdl/target-1-stratix4/quartus.ini
Warning (18236): Number of processors has not been specified which may cause overloading on shared machines.  Set the global assignment NUM_PARALLEL_PROCESSORS in your QSF to an appropriate value for best performance.
Info (20030): Parallel compilation is enabled and will use 12 of the 12 processors detected
Info (12021): Found 1 design units, including 0 entities, in source file /home/user/opencpi/ocpi_util/tests/pytests/utilization_proj/imports/ocpi.core/exports/lib/hdl/fixed_float/stratix4/fixed_float_types_pkg.vhd
    Info (12022): Found design unit 1: fixed_float_types (fixed_float) File: /home/user/opencpi/ocpi_util/tests/pytests/utilization_proj/imports/ocpi.core/exports/lib/hdl/fixed_float/stratix4/fixed_float_types_pkg.vhd Line: 17
Info (12021): Found 1 design units, including 0 entities, in source file /home/user/opencpi/ocpi_util/tests/pytests/utilization_proj/imports/ocpi.core/exports/lib/hdl/fixed_float/stratix4/float_pkg.vhd
    Info (12022): Found design unit 1: float_pkg (fixed_float) File: /home/user/opencpi/ocpi_util/tests/pytests/utilization_proj/imports/ocpi.core/exports/lib/hdl/fixed_float/stratix4/float_pkg.vhd Line: 29
Info (12021): Found 1 design units, including 0 entities, in source file /home/user/opencpi/ocpi_util/tests/pytests/utilization_proj/imports/ocpi.core/exports/lib/hdl/fixed_float/stratix4/float_body.vhd
    Info (12022): Found design unit 1: float_pkg-body File: /home/user/opencpi/ocpi_util/tests/pytests/utilization_proj/imports/ocpi.core/exports/lib/hdl/fixed_float/stratix4/float_body.vhd Line: 14
Info (12021): Found 1 design units, including 0 entities, in source file /home/user/opencpi/ocpi_util/tests/pytests/utilization_proj/imports/ocpi.core/exports/lib/hdl/fixed_float/stratix4/fixed_pkg.vhd
    Info (12022): Found design unit 1: fixed_pkg (fixed_float) File: /home/user/opencpi/ocpi_util/tests/pytests/utilization_proj/imports/ocpi.core/exports/lib/hdl/fixed_float/stratix4/fixed_pkg.vhd Line: 26
Info (12021): Found 1 design units, including 0 entities, in source file /home/user/opencpi/ocpi_util/tests/pytests/utilization_proj/imports/ocpi.core/exports/lib/hdl/fixed_float/stratix4/fixed_body.vhd
    Info (12022): Found design unit 1: fixed_pkg-body File: /home/user/opencpi/ocpi_util/tests/pytests/utilization_proj/imports/ocpi.core/exports/lib/hdl/fixed_float/stratix4/fixed_body.vhd Line: 14
Info (12021): Found 1 design units, including 0 entities, in source file /home/user/opencpi/ocpi_util/tests/pytests/utilization_proj/imports/ocpi.core/exports/lib/hdl/ocpi/stratix4/props_pkg.vhd
    Info (12022): Found design unit 1: props (ocpi) File: /home/user/opencpi/ocpi_util/tests/pytests/utilization_proj/imports/ocpi.core/exports/lib/hdl/ocpi/stratix4/props_pkg.vhd Line: 6
Info (12021): Found 1 design units, including 0 entities, in source file /home/user/opencpi/ocpi_util/tests/pytests/utilization_proj/imports/ocpi.core/exports/lib/hdl/ocpi/stratix4/wci_pkg.vhd
    Info (12022): Found design unit 1: wci (ocpi) File: /home/user/opencpi/ocpi_util/tests/pytests/utilization_proj/imports/ocpi.core/exports/lib/hdl/ocpi/stratix4/wci_pkg.vhd Line: 23
Info (12021): Found 1 design units, including 0 entities, in source file /home/user/opencpi/ocpi_util/tests/pytests/utilization_proj/imports/ocpi.core/exports/lib/hdl/ocpi/stratix4/wci_body.vhd
    Info (12022): Found design unit 1: wci-body File: /home/user/opencpi/ocpi_util/tests/pytests/utilization_proj/imports/ocpi.core/exports/lib/hdl/ocpi/stratix4/wci_body.vhd Line: 22
Info (12021): Found 1 design units, including 0 entities, in source file /home/user/opencpi/ocpi_util/tests/pytests/utilization_proj/imports/ocpi.core/exports/lib/hdl/ocpi/stratix4/types_pkg.vhd
    Info (12022): Found design unit 1: types (ocpi) File: /home/user/opencpi/ocpi_util/tests/pytests/utilization_proj/imports/ocpi.core/exports/lib/hdl/ocpi/stratix4/types_pkg.vhd Line: 21
Info (12021): Found 1 design units, including 0 entities, in source file /home/user/opencpi/ocpi_util/tests/pytests/utilization_proj/imports/ocpi.core/exports/lib/hdl/ocpi/stratix4/types_body.vhd
    Info (12022): Found design unit 1: types-body File: /home/user/opencpi/ocpi_util/tests/pytests/utilization_proj/imports/ocpi.core/exports/lib/hdl/ocpi/stratix4/types_body.vhd Line: 29
Info (12021): Found 1 design units, including 0 entities, in source file /home/user/opencpi/ocpi_util/tests/pytests/utilization_proj/imports/ocpi.core/exports/lib/hdl/ocpi/stratix4/wsi_pkg.vhd
    Info (12022): Found design unit 1: wsi (ocpi) File: /home/user/opencpi/ocpi_util/tests/pytests/utilization_proj/imports/ocpi.core/exports/lib/hdl/ocpi/stratix4/wsi_pkg.vhd Line: 25
Info (12021): Found 1 design units, including 0 entities, in source file /home/user/opencpi/ocpi_util/tests/pytests/utilization_proj/imports/ocpi.core/exports/lib/hdl/ocpi/stratix4/wsi_body.vhd
    Info (12022): Found design unit 1: wsi-body File: /home/user/opencpi/ocpi_util/tests/pytests/utilization_proj/imports/ocpi.core/exports/lib/hdl/ocpi/stratix4/wsi_body.vhd Line: 22
Info (12021): Found 1 design units, including 0 entities, in source file /home/user/opencpi/ocpi_util/tests/pytests/utilization_proj/imports/ocpi.core/exports/lib/hdl/ocpi/stratix4/ocp_pkg.vhd
    Info (12022): Found design unit 1: ocp (ocpi) File: /home/user/opencpi/ocpi_util/tests/pytests/utilization_proj/imports/ocpi.core/exports/lib/hdl/ocpi/stratix4/ocp_pkg.vhd Line: 24
Info (12021): Found 1 design units, including 0 entities, in source file /home/user/opencpi/ocpi_util/tests/pytests/utilization_proj/imports/ocpi.core/exports/lib/hdl/ocpi/stratix4/util_pkg.vhd
    Info (12022): Found design unit 1: util (ocpi) File: /home/user/opencpi/ocpi_util/tests/pytests/utilization_proj/imports/ocpi.core/exports/lib/hdl/ocpi/stratix4/util_pkg.vhd Line: 22
Info (12021): Found 1 design units, including 0 entities, in source file /home/user/opencpi/ocpi_util/tests/pytests/utilization_proj/imports/ocpi.core/exports/lib/hdl/ocpi/stratix4/util_body.vhd
    Info (12022): Found design unit 1: util-body File: /home/user/opencpi/ocpi_util/tests/pytests/utilization_proj/imports/ocpi.core/exports/lib/hdl/ocpi/stratix4/util_body.vhd Line: 21
Info (12021): Found 1 design units, including 0 entities, in source file /home/user/opencpi/ocpi_util/tests/pytests/utilization_proj/imports/ocpi.core/exports/lib/hdl/util/stratix4/types_pkg.vhd
    Info (12022): Found design unit 1: types (util) File: /home/user/opencpi/ocpi_util/tests/pytests/utilization_proj/imports/ocpi.core/exports/lib/hdl/util/stratix4/types_pkg.vhd Line: 20
Info (12021): Found 1 design units, including 0 entities, in source file /home/user/opencpi/ocpi_util/tests/pytests/utilization_proj/imports/ocpi.core/exports/lib/hdl/util/stratix4/util_pkg.vhd
    Info (12022): Found design unit 1: util (util) File: /home/user/opencpi/ocpi_util/tests/pytests/utilization_proj/imports/ocpi.core/exports/lib/hdl/util/stratix4/util_pkg.vhd Line: 24
Info (12021): Found 1 design units, including 0 entities, in source file /home/user/opencpi/ocpi_util/tests/pytests/utilization_proj/imports/ocpi.core/exports/lib/hdl/util/stratix4/util_body.vhd
    Info (12022): Found design unit 1: util-body File: /home/user/opencpi/ocpi_util/tests/pytests/utilization_proj/imports/ocpi.core/exports/lib/hdl/util/stratix4/util_body.vhd Line: 23
Info (12021): Found 1 design units, including 0 entities, in source file /home/user/opencpi/ocpi_util/tests/pytests/utilization_proj/imports/ocpi.core/exports/lib/hdl/bsv/stratix4/bsv_pkg.vhd
    Info (12022): Found design unit 1: bsv (bsv) File: /home/user/opencpi/ocpi_util/tests/pytests/utilization_proj/imports/ocpi.core/exports/lib/hdl/bsv/stratix4/bsv_pkg.vhd Line: 22
Info (12021): Found 2 design units, including 0 entities, in source file util_wkr-defs.vhd
    Info (12022): Found design unit 1: util_wkr_constants (util_wkr_c1) File: /home/user/opencpi/ocpi_util/tests/pytests/utilization_proj/components/util_wkr.hdl/target-1-stratix4/util_wkr-defs.vhd Line: 12
    Info (12022): Found design unit 2: util_wkr_defs (util_wkr_c1) File: /home/user/opencpi/ocpi_util/tests/pytests/utilization_proj/components/util_wkr.hdl/target-1-stratix4/util_wkr-defs.vhd Line: 27
Info (12021): Found 1 design units, including 0 entities, in source file generics.vhd
    Info (12022): Found design unit 1: util_wkr_constants-body File: /home/user/opencpi/ocpi_util/tests/pytests/utilization_proj/components/util_wkr.hdl/target-1-stratix4/generics.vhd Line: 3
Info (12021): Found 8 design units, including 4 entities, in source file util_wkr-impl.vhd
    Info (12022): Found design unit 1: util_wkr_worker_defs (util_wkr_c1) File: /home/user/opencpi/ocpi_util/tests/pytests/utilization_proj/components/util_wkr.hdl/target-1-stratix4/util_wkr-impl.vhd Line: 43
    Info (12022): Found design unit 2: util_wkr_wci-rtl File: /home/user/opencpi/ocpi_util/tests/pytests/utilization_proj/components/util_wkr.hdl/target-1-stratix4/util_wkr-impl.vhd Line: 159
    Info (12022): Found design unit 3: util_wkr_rv_c1-rtl File: /home/user/opencpi/ocpi_util/tests/pytests/utilization_proj/components/util_wkr.hdl/target-1-stratix4/util_wkr-impl.vhd Line: 205
    Info (12022): Found design unit 4: util_wkr_c1-rtl File: /home/user/opencpi/ocpi_util/tests/pytests/utilization_proj/components/util_wkr.hdl/target-1-stratix4/util_wkr-impl.vhd Line: 279
    Info (12023): Found entity 1: util_wkr_worker File: /home/user/opencpi/ocpi_util/tests/pytests/utilization_proj/components/util_wkr.hdl/target-1-stratix4/util_wkr-impl.vhd Line: 69
    Info (12023): Found entity 2: util_wkr_rv_c1 File: /home/user/opencpi/ocpi_util/tests/pytests/utilization_proj/components/util_wkr.hdl/target-1-stratix4/util_wkr-impl.vhd Line: 98
    Info (12023): Found entity 3: util_wkr_wci File: /home/user/opencpi/ocpi_util/tests/pytests/utilization_proj/components/util_wkr.hdl/target-1-stratix4/util_wkr-impl.vhd Line: 140
    Info (12023): Found entity 4: util_wkr_c1 File: /home/user/opencpi/ocpi_util/tests/pytests/utilization_proj/components/util_wkr.hdl/target-1-stratix4/util_wkr-impl.vhd Line: 249
Info (12021): Found 1 design units, including 0 entities, in source file /home/user/opencpi/ocpi_util/tests/pytests/utilization_proj/components/util_wkr.hdl/util_wkr.vhd
    Info (12022): Found design unit 1: util_wkr_worker-rtl File: /home/user/opencpi/ocpi_util/tests/pytests/utilization_proj/components/util_wkr.hdl/util_wkr.vhd Line: 8
Info (12127): Elaborating entity "util_wkr_c1" for the top level hierarchy
Warning (10445): VHDL Subtype or Type Declaration warning at fixed_body.vhd(18): subtype or type has null range File: /home/user/opencpi/ocpi_util/tests/pytests/utilization_proj/imports/ocpi.core/exports/lib/hdl/fixed_float/stratix4/fixed_body.vhd Line: 18
Warning (10445): VHDL Subtype or Type Declaration warning at fixed_body.vhd(19): subtype or type has null range File: /home/user/opencpi/ocpi_util/tests/pytests/utilization_proj/imports/ocpi.core/exports/lib/hdl/fixed_float/stratix4/fixed_body.vhd Line: 19
Warning (10445): VHDL Subtype or Type Declaration warning at fixed_body.vhd(20): subtype or type has null range File: /home/user/opencpi/ocpi_util/tests/pytests/utilization_proj/imports/ocpi.core/exports/lib/hdl/fixed_float/stratix4/fixed_body.vhd Line: 20
Warning (10445): VHDL Subtype or Type Declaration warning at float_body.vhd(29): subtype or type has null range File: /home/user/opencpi/ocpi_util/tests/pytests/utilization_proj/imports/ocpi.core/exports/lib/hdl/fixed_float/stratix4/float_body.vhd Line: 29
Warning (10445): VHDL Subtype or Type Declaration warning at float_body.vhd(30): subtype or type has null range File: /home/user/opencpi/ocpi_util/tests/pytests/utilization_proj/imports/ocpi.core/exports/lib/hdl/fixed_float/stratix4/float_body.vhd Line: 30
Info (12128): Elaborating entity "util_wkr_rv_c1" for hierarchy "util_wkr_rv_c1:rv" File: /home/user/opencpi/ocpi_util/tests/pytests/utilization_proj/components/util_wkr.hdl/target-1-stratix4/util_wkr-impl.vhd Line: 282
Info (12128): Elaborating entity "util_wkr_wci" for hierarchy "util_wkr_rv_c1:rv|util_wkr_wci:wci" File: /home/user/opencpi/ocpi_util/tests/pytests/utilization_proj/components/util_wkr.hdl/target-1-stratix4/util_wkr-impl.vhd Line: 210
Warning (10542): VHDL Variable Declaration warning at util_body.vhd(66): used initial value expression for variable "v" because variable was never assigned a value File: /home/user/opencpi/ocpi_util/tests/pytests/utilization_proj/imports/ocpi.core/exports/lib/hdl/ocpi/stratix4/util_body.vhd Line: 66
Warning (12125): Using design file /home/user/opencpi/ocpi_util/tests/pytests/utilization_proj/imports/ocpi.core/exports/lib/hdl/ocpi/stratix4/no_props_decoder.vhd, which is not specified as a design file for the current project, but contains definitions for 2 design units and 1 entities in project
    Info (12022): Found design unit 1: no_props_decoder-rtl File: /home/user/opencpi/ocpi_util/tests/pytests/utilization_proj/imports/ocpi.core/exports/lib/hdl/ocpi/stratix4/no_props_decoder.vhd Line: 51
    Info (12023): Found entity 1: no_props_decoder File: /home/user/opencpi/ocpi_util/tests/pytests/utilization_proj/imports/ocpi.core/exports/lib/hdl/ocpi/stratix4/no_props_decoder.vhd Line: 26
Info (12128): Elaborating entity "no_props_decoder" for hierarchy "util_wkr_rv_c1:rv|util_wkr_wci:wci|no_props_decoder:wci_decode" File: /home/user/opencpi/ocpi_util/tests/pytests/utilization_proj/components/util_wkr.hdl/target-1-stratix4/util_wkr-impl.vhd Line: 175
Warning (10540): VHDL Signal Declaration warning at no_props_decoder.vhd(54): used explicit default value for signal "my_config_error" because signal was never assigned a value File: /home/user/opencpi/ocpi_util/tests/pytests/utilization_proj/imports/ocpi.core/exports/lib/hdl/ocpi/stratix4/no_props_decoder.vhd Line: 54
Info (12128): Elaborating entity "util_wkr_worker" for hierarchy "util_wkr_rv_c1:rv|util_wkr_worker:worker" File: /home/user/opencpi/ocpi_util/tests/pytests/utilization_proj/components/util_wkr.hdl/target-1-stratix4/util_wkr-impl.vhd Line: 226
Warning (13024): Output pins are stuck at VCC or GND
    Warning (13410): Pin "ctl_SFlag[0]" is stuck at GND File: /home/user/opencpi/ocpi_util/tests/pytests/utilization_proj/components/util_wkr.hdl/target-1-stratix4/util_wkr-impl.vhd Line: 271
    Warning (13410): Pin "ctl_SFlag[1]" is stuck at GND File: /home/user/opencpi/ocpi_util/tests/pytests/utilization_proj/components/util_wkr.hdl/target-1-stratix4/util_wkr-impl.vhd Line: 271
    Warning (13410): Pin "ctl_SFlag[2]" is stuck at VCC File: /home/user/opencpi/ocpi_util/tests/pytests/utilization_proj/components/util_wkr.hdl/target-1-stratix4/util_wkr-impl.vhd Line: 271
Info (286030): Timing-Driven Synthesis is running
Info (17049): 4 registers lost all their fanouts during netlist optimizations.
Info (16010): Generating hard_block partition "hard_block:auto_generated_inst"
    Info (16011): Adding 0 node(s), including 0 DDIO, 0 PLL, 0 transceiver and 0 LCELL
Warning (21074): Design contains 4 input pin(s) that do not drive logic
    Warning (15610): No output dependent on input pin "ctl_MAddr[0]" File: /home/user/opencpi/ocpi_util/tests/pytests/utilization_proj/components/util_wkr.hdl/target-1-stratix4/util_wkr-impl.vhd Line: 267
    Warning (15610): No output dependent on input pin "ctl_MAddr[1]" File: /home/user/opencpi/ocpi_util/tests/pytests/utilization_proj/components/util_wkr.hdl/target-1-stratix4/util_wkr-impl.vhd Line: 267
    Warning (15610): No output dependent on input pin "ctl_MFlag[0]" File: /home/user/opencpi/ocpi_util/tests/pytests/utilization_proj/components/util_wkr.hdl/target-1-stratix4/util_wkr-impl.vhd Line: 269
    Warning (15610): No output dependent on input pin "ctl_MFlag[1]" File: /home/user/opencpi/ocpi_util/tests/pytests/utilization_proj/components/util_wkr.hdl/target-1-stratix4/util_wkr-impl.vhd Line: 269
Info (21057): Implemented 45 device resources after synthesis - the final resource count might be different
    Info (21058): Implemented 12 input pins
    Info (21059): Implemented 6 output pins
    Info (21061): Implemented 27 logic cells
Info: Quartus Prime Analysis & Synthesis was successful. 0 errors, 18 warnings
    Info: Peak virtual memory: 1243 megabytes
    Info: Processing ended: Wed Oct 17 12:26:19 2018
    Info: Elapsed time: 00:00:13
    Info: Total CPU time (on all processors): 00:00:34
0:13.84
