Info: *******************************************************************
Info: Running Quartus Prime Partition Merge
    Info: Version 17.1.0 Build 590 10/25/2017 SJ Standard Edition
    Info: Copyright (C) 2017  Intel Corporation. All rights reserved.
    Info: Your use of Intel Corporation's design tools, logic functions 
    Info: and other software and tools, and its AMPP partner logic 
    Info: functions, and any output files from any of the foregoing 
    Info: (including device programming or simulation files), and any 
    Info: associated documentation or information are expressly subject 
    Info: to the terms and conditions of the Intel Program License 
    Info: Subscription Agreement, the Intel Quartus Prime License Agreement,
    Info: the Intel FPGA IP License Agreement, or other applicable license
    Info: agreement, including, without limitation, that your use is for
    Info: the sole purpose of programming logic devices manufactured by
    Info: Intel and sold by Intel or its authorized distributors.  Please
    Info: refer to the applicable agreement for further details.
    Info: Processing started: Tue Oct 16 16:12:45 2018
Info: Command: quartus_cdb --64bit --merge=on --write_settings_files=off util_assemb_rv
Info: Using INI file /home/user/opencpi/ocpi_util/tests/pytests/utilization_proj/hdl/assemblies/util_assemb/target-stratix4/quartus.ini
Warning (18236): Number of processors has not been specified which may cause overloading on shared machines.  Set the global assignment NUM_PARALLEL_PROCESSORS in your QSF to an appropriate value for best performance.
Info (35007): Using synthesis netlist for partition "Top"
Info (35007): Using synthesis netlist for partition "nothing:nothing" File: /home/user/opencpi/ocpi_util/tests/pytests/utilization_proj/hdl/assemblies/util_assemb/gen/util_assemb-assy.v Line: 27
Info (35002): Resolved and merged 2 partition(s)
Info (16010): Generating hard_block partition "hard_block:auto_generated_inst"
    Info (16011): Adding 0 node(s), including 0 DDIO, 0 PLL, 0 transceiver and 0 LCELL
Warning (21074): Design contains 80 input pin(s) that do not drive logic
    Warning (15610): No output dependent on input pin "wci_in.MAddr[0]" File: /home/user/opencpi/ocpi_util/tests/pytests/utilization_proj/hdl/assemblies/util_assemb/target-stratix4/util_assemb-impl.vhd Line: 28
    Warning (15610): No output dependent on input pin "wci_in.MAddr[1]" File: /home/user/opencpi/ocpi_util/tests/pytests/utilization_proj/hdl/assemblies/util_assemb/target-stratix4/util_assemb-impl.vhd Line: 28
    Warning (15610): No output dependent on input pin "wci_in.MFlag[0]" File: /home/user/opencpi/ocpi_util/tests/pytests/utilization_proj/hdl/assemblies/util_assemb/target-stratix4/util_assemb-impl.vhd Line: 28
    Warning (15610): No output dependent on input pin "wci_in.MFlag[1]" File: /home/user/opencpi/ocpi_util/tests/pytests/utilization_proj/hdl/assemblies/util_assemb/target-stratix4/util_assemb-impl.vhd Line: 28
    Warning (15610): No output dependent on input pin "wci_in.MFlag[2]" File: /home/user/opencpi/ocpi_util/tests/pytests/utilization_proj/hdl/assemblies/util_assemb/target-stratix4/util_assemb-impl.vhd Line: 28
    Warning (15610): No output dependent on input pin "wci_in.MFlag[3]" File: /home/user/opencpi/ocpi_util/tests/pytests/utilization_proj/hdl/assemblies/util_assemb/target-stratix4/util_assemb-impl.vhd Line: 28
    Warning (15610): No output dependent on input pin "wci_in.MFlag[4]" File: /home/user/opencpi/ocpi_util/tests/pytests/utilization_proj/hdl/assemblies/util_assemb/target-stratix4/util_assemb-impl.vhd Line: 28
    Warning (15610): No output dependent on input pin "wci_in.MFlag[5]" File: /home/user/opencpi/ocpi_util/tests/pytests/utilization_proj/hdl/assemblies/util_assemb/target-stratix4/util_assemb-impl.vhd Line: 28
    Warning (15610): No output dependent on input pin "wci_in.MFlag[6]" File: /home/user/opencpi/ocpi_util/tests/pytests/utilization_proj/hdl/assemblies/util_assemb/target-stratix4/util_assemb-impl.vhd Line: 28
    Warning (15610): No output dependent on input pin "wci_in.MFlag[7]" File: /home/user/opencpi/ocpi_util/tests/pytests/utilization_proj/hdl/assemblies/util_assemb/target-stratix4/util_assemb-impl.vhd Line: 28
    Warning (15610): No output dependent on input pin "wci_in.MFlag[8]" File: /home/user/opencpi/ocpi_util/tests/pytests/utilization_proj/hdl/assemblies/util_assemb/target-stratix4/util_assemb-impl.vhd Line: 28
    Warning (15610): No output dependent on input pin "wci_in.MFlag[9]" File: /home/user/opencpi/ocpi_util/tests/pytests/utilization_proj/hdl/assemblies/util_assemb/target-stratix4/util_assemb-impl.vhd Line: 28
    Warning (15610): No output dependent on input pin "wci_in.MFlag[10]" File: /home/user/opencpi/ocpi_util/tests/pytests/utilization_proj/hdl/assemblies/util_assemb/target-stratix4/util_assemb-impl.vhd Line: 28
    Warning (15610): No output dependent on input pin "wci_in.MFlag[11]" File: /home/user/opencpi/ocpi_util/tests/pytests/utilization_proj/hdl/assemblies/util_assemb/target-stratix4/util_assemb-impl.vhd Line: 28
    Warning (15610): No output dependent on input pin "wci_in.MFlag[12]" File: /home/user/opencpi/ocpi_util/tests/pytests/utilization_proj/hdl/assemblies/util_assemb/target-stratix4/util_assemb-impl.vhd Line: 28
    Warning (15610): No output dependent on input pin "wci_in.MFlag[13]" File: /home/user/opencpi/ocpi_util/tests/pytests/utilization_proj/hdl/assemblies/util_assemb/target-stratix4/util_assemb-impl.vhd Line: 28
    Warning (15610): No output dependent on input pin "wci_in.MFlag[14]" File: /home/user/opencpi/ocpi_util/tests/pytests/utilization_proj/hdl/assemblies/util_assemb/target-stratix4/util_assemb-impl.vhd Line: 28
    Warning (15610): No output dependent on input pin "wci_in.MFlag[15]" File: /home/user/opencpi/ocpi_util/tests/pytests/utilization_proj/hdl/assemblies/util_assemb/target-stratix4/util_assemb-impl.vhd Line: 28
    Warning (15610): No output dependent on input pin "wci_in.MFlag[16]" File: /home/user/opencpi/ocpi_util/tests/pytests/utilization_proj/hdl/assemblies/util_assemb/target-stratix4/util_assemb-impl.vhd Line: 28
    Warning (15610): No output dependent on input pin "wci_in.MFlag[17]" File: /home/user/opencpi/ocpi_util/tests/pytests/utilization_proj/hdl/assemblies/util_assemb/target-stratix4/util_assemb-impl.vhd Line: 28
    Warning (15610): No output dependent on input pin "wci_in.MFlag[18]" File: /home/user/opencpi/ocpi_util/tests/pytests/utilization_proj/hdl/assemblies/util_assemb/target-stratix4/util_assemb-impl.vhd Line: 28
    Warning (15610): No output dependent on input pin "wci_in.MData[0]" File: /home/user/opencpi/ocpi_util/tests/pytests/utilization_proj/hdl/assemblies/util_assemb/target-stratix4/util_assemb-impl.vhd Line: 28
    Warning (15610): No output dependent on input pin "wci_in.MData[1]" File: /home/user/opencpi/ocpi_util/tests/pytests/utilization_proj/hdl/assemblies/util_assemb/target-stratix4/util_assemb-impl.vhd Line: 28
    Warning (15610): No output dependent on input pin "wci_in.MData[2]" File: /home/user/opencpi/ocpi_util/tests/pytests/utilization_proj/hdl/assemblies/util_assemb/target-stratix4/util_assemb-impl.vhd Line: 28
    Warning (15610): No output dependent on input pin "wci_in.MData[3]" File: /home/user/opencpi/ocpi_util/tests/pytests/utilization_proj/hdl/assemblies/util_assemb/target-stratix4/util_assemb-impl.vhd Line: 28
    Warning (15610): No output dependent on input pin "wci_in.MData[4]" File: /home/user/opencpi/ocpi_util/tests/pytests/utilization_proj/hdl/assemblies/util_assemb/target-stratix4/util_assemb-impl.vhd Line: 28
    Warning (15610): No output dependent on input pin "wci_in.MData[5]" File: /home/user/opencpi/ocpi_util/tests/pytests/utilization_proj/hdl/assemblies/util_assemb/target-stratix4/util_assemb-impl.vhd Line: 28
    Warning (15610): No output dependent on input pin "wci_in.MData[6]" File: /home/user/opencpi/ocpi_util/tests/pytests/utilization_proj/hdl/assemblies/util_assemb/target-stratix4/util_assemb-impl.vhd Line: 28
    Warning (15610): No output dependent on input pin "wci_in.MData[7]" File: /home/user/opencpi/ocpi_util/tests/pytests/utilization_proj/hdl/assemblies/util_assemb/target-stratix4/util_assemb-impl.vhd Line: 28
    Warning (15610): No output dependent on input pin "wci_in.MData[8]" File: /home/user/opencpi/ocpi_util/tests/pytests/utilization_proj/hdl/assemblies/util_assemb/target-stratix4/util_assemb-impl.vhd Line: 28
    Warning (15610): No output dependent on input pin "wci_in.MData[9]" File: /home/user/opencpi/ocpi_util/tests/pytests/utilization_proj/hdl/assemblies/util_assemb/target-stratix4/util_assemb-impl.vhd Line: 28
    Warning (15610): No output dependent on input pin "wci_in.MData[10]" File: /home/user/opencpi/ocpi_util/tests/pytests/utilization_proj/hdl/assemblies/util_assemb/target-stratix4/util_assemb-impl.vhd Line: 28
    Warning (15610): No output dependent on input pin "wci_in.MData[11]" File: /home/user/opencpi/ocpi_util/tests/pytests/utilization_proj/hdl/assemblies/util_assemb/target-stratix4/util_assemb-impl.vhd Line: 28
    Warning (15610): No output dependent on input pin "wci_in.MData[12]" File: /home/user/opencpi/ocpi_util/tests/pytests/utilization_proj/hdl/assemblies/util_assemb/target-stratix4/util_assemb-impl.vhd Line: 28
    Warning (15610): No output dependent on input pin "wci_in.MData[13]" File: /home/user/opencpi/ocpi_util/tests/pytests/utilization_proj/hdl/assemblies/util_assemb/target-stratix4/util_assemb-impl.vhd Line: 28
    Warning (15610): No output dependent on input pin "wci_in.MData[14]" File: /home/user/opencpi/ocpi_util/tests/pytests/utilization_proj/hdl/assemblies/util_assemb/target-stratix4/util_assemb-impl.vhd Line: 28
    Warning (15610): No output dependent on input pin "wci_in.MData[15]" File: /home/user/opencpi/ocpi_util/tests/pytests/utilization_proj/hdl/assemblies/util_assemb/target-stratix4/util_assemb-impl.vhd Line: 28
    Warning (15610): No output dependent on input pin "wci_in.MData[16]" File: /home/user/opencpi/ocpi_util/tests/pytests/utilization_proj/hdl/assemblies/util_assemb/target-stratix4/util_assemb-impl.vhd Line: 28
    Warning (15610): No output dependent on input pin "wci_in.MData[17]" File: /home/user/opencpi/ocpi_util/tests/pytests/utilization_proj/hdl/assemblies/util_assemb/target-stratix4/util_assemb-impl.vhd Line: 28
    Warning (15610): No output dependent on input pin "wci_in.MData[18]" File: /home/user/opencpi/ocpi_util/tests/pytests/utilization_proj/hdl/assemblies/util_assemb/target-stratix4/util_assemb-impl.vhd Line: 28
    Warning (15610): No output dependent on input pin "wci_in.MData[19]" File: /home/user/opencpi/ocpi_util/tests/pytests/utilization_proj/hdl/assemblies/util_assemb/target-stratix4/util_assemb-impl.vhd Line: 28
    Warning (15610): No output dependent on input pin "wci_in.MData[20]" File: /home/user/opencpi/ocpi_util/tests/pytests/utilization_proj/hdl/assemblies/util_assemb/target-stratix4/util_assemb-impl.vhd Line: 28
    Warning (15610): No output dependent on input pin "wci_in.MData[21]" File: /home/user/opencpi/ocpi_util/tests/pytests/utilization_proj/hdl/assemblies/util_assemb/target-stratix4/util_assemb-impl.vhd Line: 28
    Warning (15610): No output dependent on input pin "wci_in.MData[22]" File: /home/user/opencpi/ocpi_util/tests/pytests/utilization_proj/hdl/assemblies/util_assemb/target-stratix4/util_assemb-impl.vhd Line: 28
    Warning (15610): No output dependent on input pin "wci_in.MData[23]" File: /home/user/opencpi/ocpi_util/tests/pytests/utilization_proj/hdl/assemblies/util_assemb/target-stratix4/util_assemb-impl.vhd Line: 28
    Warning (15610): No output dependent on input pin "wci_in.MData[24]" File: /home/user/opencpi/ocpi_util/tests/pytests/utilization_proj/hdl/assemblies/util_assemb/target-stratix4/util_assemb-impl.vhd Line: 28
    Warning (15610): No output dependent on input pin "wci_in.MData[25]" File: /home/user/opencpi/ocpi_util/tests/pytests/utilization_proj/hdl/assemblies/util_assemb/target-stratix4/util_assemb-impl.vhd Line: 28
    Warning (15610): No output dependent on input pin "wci_in.MData[26]" File: /home/user/opencpi/ocpi_util/tests/pytests/utilization_proj/hdl/assemblies/util_assemb/target-stratix4/util_assemb-impl.vhd Line: 28
    Warning (15610): No output dependent on input pin "wci_in.MData[27]" File: /home/user/opencpi/ocpi_util/tests/pytests/utilization_proj/hdl/assemblies/util_assemb/target-stratix4/util_assemb-impl.vhd Line: 28
    Warning (15610): No output dependent on input pin "wci_in.MData[28]" File: /home/user/opencpi/ocpi_util/tests/pytests/utilization_proj/hdl/assemblies/util_assemb/target-stratix4/util_assemb-impl.vhd Line: 28
    Warning (15610): No output dependent on input pin "wci_in.MData[29]" File: /home/user/opencpi/ocpi_util/tests/pytests/utilization_proj/hdl/assemblies/util_assemb/target-stratix4/util_assemb-impl.vhd Line: 28
    Warning (15610): No output dependent on input pin "wci_in.MData[30]" File: /home/user/opencpi/ocpi_util/tests/pytests/utilization_proj/hdl/assemblies/util_assemb/target-stratix4/util_assemb-impl.vhd Line: 28
    Warning (15610): No output dependent on input pin "wci_in.MData[31]" File: /home/user/opencpi/ocpi_util/tests/pytests/utilization_proj/hdl/assemblies/util_assemb/target-stratix4/util_assemb-impl.vhd Line: 28
    Warning (15610): No output dependent on input pin "wci_in.MAddr[5]" File: /home/user/opencpi/ocpi_util/tests/pytests/utilization_proj/hdl/assemblies/util_assemb/target-stratix4/util_assemb-impl.vhd Line: 28
    Warning (15610): No output dependent on input pin "wci_in.MAddr[6]" File: /home/user/opencpi/ocpi_util/tests/pytests/utilization_proj/hdl/assemblies/util_assemb/target-stratix4/util_assemb-impl.vhd Line: 28
    Warning (15610): No output dependent on input pin "wci_in.MAddr[7]" File: /home/user/opencpi/ocpi_util/tests/pytests/utilization_proj/hdl/assemblies/util_assemb/target-stratix4/util_assemb-impl.vhd Line: 28
    Warning (15610): No output dependent on input pin "wci_in.MAddr[8]" File: /home/user/opencpi/ocpi_util/tests/pytests/utilization_proj/hdl/assemblies/util_assemb/target-stratix4/util_assemb-impl.vhd Line: 28
    Warning (15610): No output dependent on input pin "wci_in.MAddr[9]" File: /home/user/opencpi/ocpi_util/tests/pytests/utilization_proj/hdl/assemblies/util_assemb/target-stratix4/util_assemb-impl.vhd Line: 28
    Warning (15610): No output dependent on input pin "wci_in.MAddr[10]" File: /home/user/opencpi/ocpi_util/tests/pytests/utilization_proj/hdl/assemblies/util_assemb/target-stratix4/util_assemb-impl.vhd Line: 28
    Warning (15610): No output dependent on input pin "wci_in.MAddr[11]" File: /home/user/opencpi/ocpi_util/tests/pytests/utilization_proj/hdl/assemblies/util_assemb/target-stratix4/util_assemb-impl.vhd Line: 28
    Warning (15610): No output dependent on input pin "wci_in.MAddr[12]" File: /home/user/opencpi/ocpi_util/tests/pytests/utilization_proj/hdl/assemblies/util_assemb/target-stratix4/util_assemb-impl.vhd Line: 28
    Warning (15610): No output dependent on input pin "wci_in.MAddr[13]" File: /home/user/opencpi/ocpi_util/tests/pytests/utilization_proj/hdl/assemblies/util_assemb/target-stratix4/util_assemb-impl.vhd Line: 28
    Warning (15610): No output dependent on input pin "wci_in.MAddr[14]" File: /home/user/opencpi/ocpi_util/tests/pytests/utilization_proj/hdl/assemblies/util_assemb/target-stratix4/util_assemb-impl.vhd Line: 28
    Warning (15610): No output dependent on input pin "wci_in.MAddr[15]" File: /home/user/opencpi/ocpi_util/tests/pytests/utilization_proj/hdl/assemblies/util_assemb/target-stratix4/util_assemb-impl.vhd Line: 28
    Warning (15610): No output dependent on input pin "wci_in.MAddr[16]" File: /home/user/opencpi/ocpi_util/tests/pytests/utilization_proj/hdl/assemblies/util_assemb/target-stratix4/util_assemb-impl.vhd Line: 28
    Warning (15610): No output dependent on input pin "wci_in.MAddr[17]" File: /home/user/opencpi/ocpi_util/tests/pytests/utilization_proj/hdl/assemblies/util_assemb/target-stratix4/util_assemb-impl.vhd Line: 28
    Warning (15610): No output dependent on input pin "wci_in.MAddr[18]" File: /home/user/opencpi/ocpi_util/tests/pytests/utilization_proj/hdl/assemblies/util_assemb/target-stratix4/util_assemb-impl.vhd Line: 28
    Warning (15610): No output dependent on input pin "wci_in.MAddr[19]" File: /home/user/opencpi/ocpi_util/tests/pytests/utilization_proj/hdl/assemblies/util_assemb/target-stratix4/util_assemb-impl.vhd Line: 28
    Warning (15610): No output dependent on input pin "wci_in.MAddr[20]" File: /home/user/opencpi/ocpi_util/tests/pytests/utilization_proj/hdl/assemblies/util_assemb/target-stratix4/util_assemb-impl.vhd Line: 28
    Warning (15610): No output dependent on input pin "wci_in.MAddr[21]" File: /home/user/opencpi/ocpi_util/tests/pytests/utilization_proj/hdl/assemblies/util_assemb/target-stratix4/util_assemb-impl.vhd Line: 28
    Warning (15610): No output dependent on input pin "wci_in.MAddr[22]" File: /home/user/opencpi/ocpi_util/tests/pytests/utilization_proj/hdl/assemblies/util_assemb/target-stratix4/util_assemb-impl.vhd Line: 28
    Warning (15610): No output dependent on input pin "wci_in.MAddr[23]" File: /home/user/opencpi/ocpi_util/tests/pytests/utilization_proj/hdl/assemblies/util_assemb/target-stratix4/util_assemb-impl.vhd Line: 28
    Warning (15610): No output dependent on input pin "wci_in.MAddr[24]" File: /home/user/opencpi/ocpi_util/tests/pytests/utilization_proj/hdl/assemblies/util_assemb/target-stratix4/util_assemb-impl.vhd Line: 28
    Warning (15610): No output dependent on input pin "wci_in.MAddr[25]" File: /home/user/opencpi/ocpi_util/tests/pytests/utilization_proj/hdl/assemblies/util_assemb/target-stratix4/util_assemb-impl.vhd Line: 28
    Warning (15610): No output dependent on input pin "wci_in.MAddr[26]" File: /home/user/opencpi/ocpi_util/tests/pytests/utilization_proj/hdl/assemblies/util_assemb/target-stratix4/util_assemb-impl.vhd Line: 28
    Warning (15610): No output dependent on input pin "wci_in.MAddr[27]" File: /home/user/opencpi/ocpi_util/tests/pytests/utilization_proj/hdl/assemblies/util_assemb/target-stratix4/util_assemb-impl.vhd Line: 28
    Warning (15610): No output dependent on input pin "wci_in.MAddr[28]" File: /home/user/opencpi/ocpi_util/tests/pytests/utilization_proj/hdl/assemblies/util_assemb/target-stratix4/util_assemb-impl.vhd Line: 28
    Warning (15610): No output dependent on input pin "wci_in.MAddr[29]" File: /home/user/opencpi/ocpi_util/tests/pytests/utilization_proj/hdl/assemblies/util_assemb/target-stratix4/util_assemb-impl.vhd Line: 28
    Warning (15610): No output dependent on input pin "wci_in.MAddr[30]" File: /home/user/opencpi/ocpi_util/tests/pytests/utilization_proj/hdl/assemblies/util_assemb/target-stratix4/util_assemb-impl.vhd Line: 28
    Warning (15610): No output dependent on input pin "wci_in.MAddr[31]" File: /home/user/opencpi/ocpi_util/tests/pytests/utilization_proj/hdl/assemblies/util_assemb/target-stratix4/util_assemb-impl.vhd Line: 28
Info (21057): Implemented 176 device resources after synthesis - the final resource count might be different
    Info (21058): Implemented 93 input pins
    Info (21059): Implemented 38 output pins
    Info (21061): Implemented 45 logic cells
Info: Quartus Prime Partition Merge was successful. 0 errors, 82 warnings
    Info: Peak virtual memory: 1346 megabytes
    Info: Processing ended: Tue Oct 16 16:12:45 2018
    Info: Elapsed time: 00:00:00
    Info: Total CPU time (on all processors): 00:00:00
0:01.51
