Info: *******************************************************************
Info: Running Quartus Prime Analysis & Synthesis
    Info: Version 17.1.0 Build 590 10/25/2017 SJ Standard Edition
    Info: Copyright (C) 2017  Intel Corporation. All rights reserved.
    Info: Your use of Intel Corporation's design tools, logic functions 
    Info: and other software and tools, and its AMPP partner logic 
    Info: functions, and any output files from any of the foregoing 
    Info: (including device programming or simulation files), and any 
    Info: associated documentation or information are expressly subject 
    Info: to the terms and conditions of the Intel Program License 
    Info: Subscription Agreement, the Intel Quartus Prime License Agreement,
    Info: the Intel FPGA IP License Agreement, or other applicable license
    Info: agreement, including, without limitation, that your use is for
    Info: the sole purpose of programming logic devices manufactured by
    Info: Intel and sold by Intel or its authorized distributors.  Please
    Info: refer to the applicable agreement for further details.
    Info: Processing started: Tue Oct 16 16:12:33 2018
Info: Command: quartus_map --64bit --write_settings_files=off util_assemb_rv
Info: Using INI file /home/user/opencpi/ocpi_util/tests/pytests/utilization_proj/hdl/assemblies/util_assemb/target-stratix4/quartus.ini
Warning (18236): Number of processors has not been specified which may cause overloading on shared machines.  Set the global assignment NUM_PARALLEL_PROCESSORS in your QSF to an appropriate value for best performance.
Info (20030): Parallel compilation is enabled and will use 12 of the 12 processors detected
Info (12021): Found 1 design units, including 1 entities, in source file /home/user/opencpi/ocpi_util/tests/pytests/utilization_proj/imports/ocpi.core/exports/lib/components/hdl/stratix4/nothing.qxp
    Info (12023): Found entity 1: nothing File: /home/user/opencpi/ocpi_util/tests/pytests/utilization_proj/imports/ocpi.core/exports/lib/components/hdl/stratix4/nothing.qxp Line: -1
Warning (10335): Unrecognized synthesis attribute "box_type" at ../../../../imports/ocpi.core/exports/lib/components/hdl/stratix4/nothing.v(10) File: /home/user/opencpi/ocpi_util/tests/pytests/utilization_proj/imports/ocpi.core/exports/lib/components/hdl/stratix4/nothing.v Line: 10
Info (12021): Found 1 design units, including 1 entities, in source file /home/user/opencpi/ocpi_util/tests/pytests/utilization_proj/imports/ocpi.core/exports/lib/components/hdl/stratix4/nothing.v
    Info (12023): Found entity 1: nothing File: /home/user/opencpi/ocpi_util/tests/pytests/utilization_proj/imports/ocpi.core/exports/lib/components/hdl/stratix4/nothing.v Line: 12
Info (12021): Found 6 design units, including 0 entities, in source file /home/user/opencpi/ocpi_util/tests/pytests/utilization_proj/imports/ocpi.core/exports/lib/hdl/platform/stratix4/platform_pkg.vhd
    Info (12022): Found design unit 1: platform_pkg (platform) File: /home/user/opencpi/ocpi_util/tests/pytests/utilization_proj/imports/ocpi.core/exports/lib/hdl/platform/stratix4/platform_pkg.vhd Line: 23
    Info (12022): Found design unit 2: ocscp_defs (platform) File: /home/user/opencpi/ocpi_util/tests/pytests/utilization_proj/imports/ocpi.core/exports/lib/hdl/platform/stratix4/platform_pkg.vhd Line: 369
    Info (12022): Found design unit 3: time_client_defs (platform) File: /home/user/opencpi/ocpi_util/tests/pytests/utilization_proj/imports/ocpi.core/exports/lib/hdl/platform/stratix4/platform_pkg.vhd Line: 387
    Info (12022): Found design unit 4: metadata_defs (platform) File: /home/user/opencpi/ocpi_util/tests/pytests/utilization_proj/imports/ocpi.core/exports/lib/hdl/platform/stratix4/platform_pkg.vhd Line: 411
    Info (12022): Found design unit 5: unoc_node_defs (platform) File: /home/user/opencpi/ocpi_util/tests/pytests/utilization_proj/imports/ocpi.core/exports/lib/hdl/platform/stratix4/platform_pkg.vhd Line: 425
    Info (12022): Found design unit 6: pci_pkg (platform) File: /home/user/opencpi/ocpi_util/tests/pytests/utilization_proj/imports/ocpi.core/exports/lib/hdl/platform/stratix4/platform_pkg.vhd Line: 444
Info (12021): Found 1 design units, including 0 entities, in source file /home/user/opencpi/ocpi_util/tests/pytests/utilization_proj/imports/ocpi.core/exports/lib/hdl/platform/stratix4/platform_body.vhd
    Info (12022): Found design unit 1: platform_pkg-body File: /home/user/opencpi/ocpi_util/tests/pytests/utilization_proj/imports/ocpi.core/exports/lib/hdl/platform/stratix4/platform_body.vhd Line: 23
Info (12021): Found 1 design units, including 0 entities, in source file /home/user/opencpi/ocpi_util/tests/pytests/utilization_proj/imports/ocpi.core/exports/lib/hdl/fixed_float/stratix4/fixed_float_types_pkg.vhd
    Info (12022): Found design unit 1: fixed_float_types (fixed_float) File: /home/user/opencpi/ocpi_util/tests/pytests/utilization_proj/imports/ocpi.core/exports/lib/hdl/fixed_float/stratix4/fixed_float_types_pkg.vhd Line: 17
Info (12021): Found 1 design units, including 0 entities, in source file /home/user/opencpi/ocpi_util/tests/pytests/utilization_proj/imports/ocpi.core/exports/lib/hdl/fixed_float/stratix4/float_pkg.vhd
    Info (12022): Found design unit 1: float_pkg (fixed_float) File: /home/user/opencpi/ocpi_util/tests/pytests/utilization_proj/imports/ocpi.core/exports/lib/hdl/fixed_float/stratix4/float_pkg.vhd Line: 29
Info (12021): Found 1 design units, including 0 entities, in source file /home/user/opencpi/ocpi_util/tests/pytests/utilization_proj/imports/ocpi.core/exports/lib/hdl/fixed_float/stratix4/float_body.vhd
    Info (12022): Found design unit 1: float_pkg-body File: /home/user/opencpi/ocpi_util/tests/pytests/utilization_proj/imports/ocpi.core/exports/lib/hdl/fixed_float/stratix4/float_body.vhd Line: 14
Info (12021): Found 1 design units, including 0 entities, in source file /home/user/opencpi/ocpi_util/tests/pytests/utilization_proj/imports/ocpi.core/exports/lib/hdl/fixed_float/stratix4/fixed_pkg.vhd
    Info (12022): Found design unit 1: fixed_pkg (fixed_float) File: /home/user/opencpi/ocpi_util/tests/pytests/utilization_proj/imports/ocpi.core/exports/lib/hdl/fixed_float/stratix4/fixed_pkg.vhd Line: 26
Info (12021): Found 1 design units, including 0 entities, in source file /home/user/opencpi/ocpi_util/tests/pytests/utilization_proj/imports/ocpi.core/exports/lib/hdl/fixed_float/stratix4/fixed_body.vhd
    Info (12022): Found design unit 1: fixed_pkg-body File: /home/user/opencpi/ocpi_util/tests/pytests/utilization_proj/imports/ocpi.core/exports/lib/hdl/fixed_float/stratix4/fixed_body.vhd Line: 14
Info (12021): Found 1 design units, including 0 entities, in source file /home/user/opencpi/ocpi_util/tests/pytests/utilization_proj/imports/ocpi.core/exports/lib/hdl/ocpi/stratix4/props_pkg.vhd
    Info (12022): Found design unit 1: props (ocpi) File: /home/user/opencpi/ocpi_util/tests/pytests/utilization_proj/imports/ocpi.core/exports/lib/hdl/ocpi/stratix4/props_pkg.vhd Line: 6
Info (12021): Found 1 design units, including 0 entities, in source file /home/user/opencpi/ocpi_util/tests/pytests/utilization_proj/imports/ocpi.core/exports/lib/hdl/ocpi/stratix4/wci_pkg.vhd
    Info (12022): Found design unit 1: wci (ocpi) File: /home/user/opencpi/ocpi_util/tests/pytests/utilization_proj/imports/ocpi.core/exports/lib/hdl/ocpi/stratix4/wci_pkg.vhd Line: 23
Info (12021): Found 1 design units, including 0 entities, in source file /home/user/opencpi/ocpi_util/tests/pytests/utilization_proj/imports/ocpi.core/exports/lib/hdl/ocpi/stratix4/wci_body.vhd
    Info (12022): Found design unit 1: wci-body File: /home/user/opencpi/ocpi_util/tests/pytests/utilization_proj/imports/ocpi.core/exports/lib/hdl/ocpi/stratix4/wci_body.vhd Line: 22
Info (12021): Found 1 design units, including 0 entities, in source file /home/user/opencpi/ocpi_util/tests/pytests/utilization_proj/imports/ocpi.core/exports/lib/hdl/ocpi/stratix4/types_pkg.vhd
    Info (12022): Found design unit 1: types (ocpi) File: /home/user/opencpi/ocpi_util/tests/pytests/utilization_proj/imports/ocpi.core/exports/lib/hdl/ocpi/stratix4/types_pkg.vhd Line: 21
Info (12021): Found 1 design units, including 0 entities, in source file /home/user/opencpi/ocpi_util/tests/pytests/utilization_proj/imports/ocpi.core/exports/lib/hdl/ocpi/stratix4/types_body.vhd
    Info (12022): Found design unit 1: types-body File: /home/user/opencpi/ocpi_util/tests/pytests/utilization_proj/imports/ocpi.core/exports/lib/hdl/ocpi/stratix4/types_body.vhd Line: 29
Info (12021): Found 1 design units, including 0 entities, in source file /home/user/opencpi/ocpi_util/tests/pytests/utilization_proj/imports/ocpi.core/exports/lib/hdl/ocpi/stratix4/wsi_pkg.vhd
    Info (12022): Found design unit 1: wsi (ocpi) File: /home/user/opencpi/ocpi_util/tests/pytests/utilization_proj/imports/ocpi.core/exports/lib/hdl/ocpi/stratix4/wsi_pkg.vhd Line: 25
Info (12021): Found 1 design units, including 0 entities, in source file /home/user/opencpi/ocpi_util/tests/pytests/utilization_proj/imports/ocpi.core/exports/lib/hdl/ocpi/stratix4/wsi_body.vhd
    Info (12022): Found design unit 1: wsi-body File: /home/user/opencpi/ocpi_util/tests/pytests/utilization_proj/imports/ocpi.core/exports/lib/hdl/ocpi/stratix4/wsi_body.vhd Line: 22
Info (12021): Found 1 design units, including 0 entities, in source file /home/user/opencpi/ocpi_util/tests/pytests/utilization_proj/imports/ocpi.core/exports/lib/hdl/ocpi/stratix4/ocp_pkg.vhd
    Info (12022): Found design unit 1: ocp (ocpi) File: /home/user/opencpi/ocpi_util/tests/pytests/utilization_proj/imports/ocpi.core/exports/lib/hdl/ocpi/stratix4/ocp_pkg.vhd Line: 24
Info (12021): Found 1 design units, including 0 entities, in source file /home/user/opencpi/ocpi_util/tests/pytests/utilization_proj/imports/ocpi.core/exports/lib/hdl/ocpi/stratix4/util_pkg.vhd
    Info (12022): Found design unit 1: util (ocpi) File: /home/user/opencpi/ocpi_util/tests/pytests/utilization_proj/imports/ocpi.core/exports/lib/hdl/ocpi/stratix4/util_pkg.vhd Line: 22
Info (12021): Found 1 design units, including 0 entities, in source file /home/user/opencpi/ocpi_util/tests/pytests/utilization_proj/imports/ocpi.core/exports/lib/hdl/ocpi/stratix4/util_body.vhd
    Info (12022): Found design unit 1: util-body File: /home/user/opencpi/ocpi_util/tests/pytests/utilization_proj/imports/ocpi.core/exports/lib/hdl/ocpi/stratix4/util_body.vhd Line: 21
Info (12021): Found 1 design units, including 0 entities, in source file /home/user/opencpi/ocpi_util/tests/pytests/utilization_proj/imports/ocpi.core/exports/lib/hdl/util/stratix4/types_pkg.vhd
    Info (12022): Found design unit 1: types (util) File: /home/user/opencpi/ocpi_util/tests/pytests/utilization_proj/imports/ocpi.core/exports/lib/hdl/util/stratix4/types_pkg.vhd Line: 20
Info (12021): Found 1 design units, including 0 entities, in source file /home/user/opencpi/ocpi_util/tests/pytests/utilization_proj/imports/ocpi.core/exports/lib/hdl/util/stratix4/util_pkg.vhd
    Info (12022): Found design unit 1: util (util) File: /home/user/opencpi/ocpi_util/tests/pytests/utilization_proj/imports/ocpi.core/exports/lib/hdl/util/stratix4/util_pkg.vhd Line: 24
Info (12021): Found 1 design units, including 0 entities, in source file /home/user/opencpi/ocpi_util/tests/pytests/utilization_proj/imports/ocpi.core/exports/lib/hdl/util/stratix4/util_body.vhd
    Info (12022): Found design unit 1: util-body File: /home/user/opencpi/ocpi_util/tests/pytests/utilization_proj/imports/ocpi.core/exports/lib/hdl/util/stratix4/util_body.vhd Line: 23
Info (12021): Found 1 design units, including 0 entities, in source file /home/user/opencpi/ocpi_util/tests/pytests/utilization_proj/imports/ocpi.core/exports/lib/hdl/bsv/stratix4/bsv_pkg.vhd
    Info (12022): Found design unit 1: bsv (bsv) File: /home/user/opencpi/ocpi_util/tests/pytests/utilization_proj/imports/ocpi.core/exports/lib/hdl/bsv/stratix4/bsv_pkg.vhd Line: 22
Info (12021): Found 2 design units, including 0 entities, in source file util_assemb-defs.vhd
    Info (12022): Found design unit 1: util_assemb_constants (util_assemb) File: /home/user/opencpi/ocpi_util/tests/pytests/utilization_proj/hdl/assemblies/util_assemb/target-stratix4/util_assemb-defs.vhd Line: 13
    Info (12022): Found design unit 2: util_assemb_defs (util_assemb) File: /home/user/opencpi/ocpi_util/tests/pytests/utilization_proj/hdl/assemblies/util_assemb/target-stratix4/util_assemb-defs.vhd Line: 30
Info (12021): Found 1 design units, including 0 entities, in source file generics.vhd
    Info (12022): Found design unit 1: util_assemb_constants-body File: /home/user/opencpi/ocpi_util/tests/pytests/utilization_proj/hdl/assemblies/util_assemb/target-stratix4/generics.vhd Line: 3
Info (12021): Found 2 design units, including 1 entities, in source file util_assemb-impl.vhd
    Info (12022): Found design unit 1: util_assemb_rv-rtl File: /home/user/opencpi/ocpi_util/tests/pytests/utilization_proj/hdl/assemblies/util_assemb/target-stratix4/util_assemb-impl.vhd Line: 35
    Info (12023): Found entity 1: util_assemb_rv File: /home/user/opencpi/ocpi_util/tests/pytests/utilization_proj/hdl/assemblies/util_assemb/target-stratix4/util_assemb-impl.vhd Line: 11
Info (12021): Found 1 design units, including 1 entities, in source file /home/user/opencpi/ocpi_util/tests/pytests/utilization_proj/hdl/assemblies/util_assemb/gen/util_assemb-assy.v
    Info (12023): Found entity 1: util_assemb File: /home/user/opencpi/ocpi_util/tests/pytests/utilization_proj/hdl/assemblies/util_assemb/target-stratix4/util_assemb-defs.vh Line: 12
Info (12127): Elaborating entity "util_assemb_rv" for the top level hierarchy
Warning (10445): VHDL Subtype or Type Declaration warning at fixed_body.vhd(18): subtype or type has null range File: /home/user/opencpi/ocpi_util/tests/pytests/utilization_proj/imports/ocpi.core/exports/lib/hdl/fixed_float/stratix4/fixed_body.vhd Line: 18
Warning (10445): VHDL Subtype or Type Declaration warning at fixed_body.vhd(19): subtype or type has null range File: /home/user/opencpi/ocpi_util/tests/pytests/utilization_proj/imports/ocpi.core/exports/lib/hdl/fixed_float/stratix4/fixed_body.vhd Line: 19
Warning (10445): VHDL Subtype or Type Declaration warning at fixed_body.vhd(20): subtype or type has null range File: /home/user/opencpi/ocpi_util/tests/pytests/utilization_proj/imports/ocpi.core/exports/lib/hdl/fixed_float/stratix4/fixed_body.vhd Line: 20
Warning (10445): VHDL Subtype or Type Declaration warning at float_body.vhd(29): subtype or type has null range File: /home/user/opencpi/ocpi_util/tests/pytests/utilization_proj/imports/ocpi.core/exports/lib/hdl/fixed_float/stratix4/float_body.vhd Line: 29
Warning (10445): VHDL Subtype or Type Declaration warning at float_body.vhd(30): subtype or type has null range File: /home/user/opencpi/ocpi_util/tests/pytests/utilization_proj/imports/ocpi.core/exports/lib/hdl/fixed_float/stratix4/float_body.vhd Line: 30
Info (12128): Elaborating entity "util_assemb" for hierarchy "util_assemb:assy" File: /home/user/opencpi/ocpi_util/tests/pytests/utilization_proj/hdl/assemblies/util_assemb/target-stratix4/util_assemb-impl.vhd Line: 60
Info (12128): Elaborating entity "nothing" for hierarchy "util_assemb:assy|nothing:nothing" File: /home/user/opencpi/ocpi_util/tests/pytests/utilization_proj/hdl/assemblies/util_assemb/gen/util_assemb-assy.v Line: 27
Warning (12240): Synthesis found one or more imported partitions that will be treated as black boxes for timing analysis during synthesis
Info (286031): Timing-Driven Synthesis is running on partition "Top"
Info (16010): Generating hard_block partition "hard_block:auto_generated_inst"
    Info (16011): Adding 0 node(s), including 0 DDIO, 0 PLL, 0 transceiver and 0 LCELL
Warning (21074): Design contains 80 input pin(s) that do not drive logic
    Warning (15610): No output dependent on input pin "wci_in.MAddr[0]" File: /home/user/opencpi/ocpi_util/tests/pytests/utilization_proj/hdl/assemblies/util_assemb/target-stratix4/util_assemb-impl.vhd Line: 28
    Warning (15610): No output dependent on input pin "wci_in.MAddr[1]" File: /home/user/opencpi/ocpi_util/tests/pytests/utilization_proj/hdl/assemblies/util_assemb/target-stratix4/util_assemb-impl.vhd Line: 28
    Warning (15610): No output dependent on input pin "wci_in.MFlag[0]" File: /home/user/opencpi/ocpi_util/tests/pytests/utilization_proj/hdl/assemblies/util_assemb/target-stratix4/util_assemb-impl.vhd Line: 28
    Warning (15610): No output dependent on input pin "wci_in.MFlag[1]" File: /home/user/opencpi/ocpi_util/tests/pytests/utilization_proj/hdl/assemblies/util_assemb/target-stratix4/util_assemb-impl.vhd Line: 28
    Warning (15610): No output dependent on input pin "wci_in.MFlag[2]" File: /home/user/opencpi/ocpi_util/tests/pytests/utilization_proj/hdl/assemblies/util_assemb/target-stratix4/util_assemb-impl.vhd Line: 28
    Warning (15610): No output dependent on input pin "wci_in.MFlag[3]" File: /home/user/opencpi/ocpi_util/tests/pytests/utilization_proj/hdl/assemblies/util_assemb/target-stratix4/util_assemb-impl.vhd Line: 28
    Warning (15610): No output dependent on input pin "wci_in.MFlag[4]" File: /home/user/opencpi/ocpi_util/tests/pytests/utilization_proj/hdl/assemblies/util_assemb/target-stratix4/util_assemb-impl.vhd Line: 28
    Warning (15610): No output dependent on input pin "wci_in.MFlag[5]" File: /home/user/opencpi/ocpi_util/tests/pytests/utilization_proj/hdl/assemblies/util_assemb/target-stratix4/util_assemb-impl.vhd Line: 28
    Warning (15610): No output dependent on input pin "wci_in.MFlag[6]" File: /home/user/opencpi/ocpi_util/tests/pytests/utilization_proj/hdl/assemblies/util_assemb/target-stratix4/util_assemb-impl.vhd Line: 28
    Warning (15610): No output dependent on input pin "wci_in.MFlag[7]" File: /home/user/opencpi/ocpi_util/tests/pytests/utilization_proj/hdl/assemblies/util_assemb/target-stratix4/util_assemb-impl.vhd Line: 28
    Warning (15610): No output dependent on input pin "wci_in.MFlag[8]" File: /home/user/opencpi/ocpi_util/tests/pytests/utilization_proj/hdl/assemblies/util_assemb/target-stratix4/util_assemb-impl.vhd Line: 28
    Warning (15610): No output dependent on input pin "wci_in.MFlag[9]" File: /home/user/opencpi/ocpi_util/tests/pytests/utilization_proj/hdl/assemblies/util_assemb/target-stratix4/util_assemb-impl.vhd Line: 28
    Warning (15610): No output dependent on input pin "wci_in.MFlag[10]" File: /home/user/opencpi/ocpi_util/tests/pytests/utilization_proj/hdl/assemblies/util_assemb/target-stratix4/util_assemb-impl.vhd Line: 28
    Warning (15610): No output dependent on input pin "wci_in.MFlag[11]" File: /home/user/opencpi/ocpi_util/tests/pytests/utilization_proj/hdl/assemblies/util_assemb/target-stratix4/util_assemb-impl.vhd Line: 28
    Warning (15610): No output dependent on input pin "wci_in.MFlag[12]" File: /home/user/opencpi/ocpi_util/tests/pytests/utilization_proj/hdl/assemblies/util_assemb/target-stratix4/util_assemb-impl.vhd Line: 28
    Warning (15610): No output dependent on input pin "wci_in.MFlag[13]" File: /home/user/opencpi/ocpi_util/tests/pytests/utilization_proj/hdl/assemblies/util_assemb/target-stratix4/util_assemb-impl.vhd Line: 28
    Warning (15610): No output dependent on input pin "wci_in.MFlag[14]" File: /home/user/opencpi/ocpi_util/tests/pytests/utilization_proj/hdl/assemblies/util_assemb/target-stratix4/util_assemb-impl.vhd Line: 28
    Warning (15610): No output dependent on input pin "wci_in.MFlag[15]" File: /home/user/opencpi/ocpi_util/tests/pytests/utilization_proj/hdl/assemblies/util_assemb/target-stratix4/util_assemb-impl.vhd Line: 28
    Warning (15610): No output dependent on input pin "wci_in.MFlag[16]" File: /home/user/opencpi/ocpi_util/tests/pytests/utilization_proj/hdl/assemblies/util_assemb/target-stratix4/util_assemb-impl.vhd Line: 28
    Warning (15610): No output dependent on input pin "wci_in.MFlag[17]" File: /home/user/opencpi/ocpi_util/tests/pytests/utilization_proj/hdl/assemblies/util_assemb/target-stratix4/util_assemb-impl.vhd Line: 28
    Warning (15610): No output dependent on input pin "wci_in.MFlag[18]" File: /home/user/opencpi/ocpi_util/tests/pytests/utilization_proj/hdl/assemblies/util_assemb/target-stratix4/util_assemb-impl.vhd Line: 28
    Warning (15610): No output dependent on input pin "wci_in.MData[0]" File: /home/user/opencpi/ocpi_util/tests/pytests/utilization_proj/hdl/assemblies/util_assemb/target-stratix4/util_assemb-impl.vhd Line: 28
    Warning (15610): No output dependent on input pin "wci_in.MData[1]" File: /home/user/opencpi/ocpi_util/tests/pytests/utilization_proj/hdl/assemblies/util_assemb/target-stratix4/util_assemb-impl.vhd Line: 28
    Warning (15610): No output dependent on input pin "wci_in.MData[2]" File: /home/user/opencpi/ocpi_util/tests/pytests/utilization_proj/hdl/assemblies/util_assemb/target-stratix4/util_assemb-impl.vhd Line: 28
    Warning (15610): No output dependent on input pin "wci_in.MData[3]" File: /home/user/opencpi/ocpi_util/tests/pytests/utilization_proj/hdl/assemblies/util_assemb/target-stratix4/util_assemb-impl.vhd Line: 28
    Warning (15610): No output dependent on input pin "wci_in.MData[4]" File: /home/user/opencpi/ocpi_util/tests/pytests/utilization_proj/hdl/assemblies/util_assemb/target-stratix4/util_assemb-impl.vhd Line: 28
    Warning (15610): No output dependent on input pin "wci_in.MData[5]" File: /home/user/opencpi/ocpi_util/tests/pytests/utilization_proj/hdl/assemblies/util_assemb/target-stratix4/util_assemb-impl.vhd Line: 28
    Warning (15610): No output dependent on input pin "wci_in.MData[6]" File: /home/user/opencpi/ocpi_util/tests/pytests/utilization_proj/hdl/assemblies/util_assemb/target-stratix4/util_assemb-impl.vhd Line: 28
    Warning (15610): No output dependent on input pin "wci_in.MData[7]" File: /home/user/opencpi/ocpi_util/tests/pytests/utilization_proj/hdl/assemblies/util_assemb/target-stratix4/util_assemb-impl.vhd Line: 28
    Warning (15610): No output dependent on input pin "wci_in.MData[8]" File: /home/user/opencpi/ocpi_util/tests/pytests/utilization_proj/hdl/assemblies/util_assemb/target-stratix4/util_assemb-impl.vhd Line: 28
    Warning (15610): No output dependent on input pin "wci_in.MData[9]" File: /home/user/opencpi/ocpi_util/tests/pytests/utilization_proj/hdl/assemblies/util_assemb/target-stratix4/util_assemb-impl.vhd Line: 28
    Warning (15610): No output dependent on input pin "wci_in.MData[10]" File: /home/user/opencpi/ocpi_util/tests/pytests/utilization_proj/hdl/assemblies/util_assemb/target-stratix4/util_assemb-impl.vhd Line: 28
    Warning (15610): No output dependent on input pin "wci_in.MData[11]" File: /home/user/opencpi/ocpi_util/tests/pytests/utilization_proj/hdl/assemblies/util_assemb/target-stratix4/util_assemb-impl.vhd Line: 28
    Warning (15610): No output dependent on input pin "wci_in.MData[12]" File: /home/user/opencpi/ocpi_util/tests/pytests/utilization_proj/hdl/assemblies/util_assemb/target-stratix4/util_assemb-impl.vhd Line: 28
    Warning (15610): No output dependent on input pin "wci_in.MData[13]" File: /home/user/opencpi/ocpi_util/tests/pytests/utilization_proj/hdl/assemblies/util_assemb/target-stratix4/util_assemb-impl.vhd Line: 28
    Warning (15610): No output dependent on input pin "wci_in.MData[14]" File: /home/user/opencpi/ocpi_util/tests/pytests/utilization_proj/hdl/assemblies/util_assemb/target-stratix4/util_assemb-impl.vhd Line: 28
    Warning (15610): No output dependent on input pin "wci_in.MData[15]" File: /home/user/opencpi/ocpi_util/tests/pytests/utilization_proj/hdl/assemblies/util_assemb/target-stratix4/util_assemb-impl.vhd Line: 28
    Warning (15610): No output dependent on input pin "wci_in.MData[16]" File: /home/user/opencpi/ocpi_util/tests/pytests/utilization_proj/hdl/assemblies/util_assemb/target-stratix4/util_assemb-impl.vhd Line: 28
    Warning (15610): No output dependent on input pin "wci_in.MData[17]" File: /home/user/opencpi/ocpi_util/tests/pytests/utilization_proj/hdl/assemblies/util_assemb/target-stratix4/util_assemb-impl.vhd Line: 28
    Warning (15610): No output dependent on input pin "wci_in.MData[18]" File: /home/user/opencpi/ocpi_util/tests/pytests/utilization_proj/hdl/assemblies/util_assemb/target-stratix4/util_assemb-impl.vhd Line: 28
    Warning (15610): No output dependent on input pin "wci_in.MData[19]" File: /home/user/opencpi/ocpi_util/tests/pytests/utilization_proj/hdl/assemblies/util_assemb/target-stratix4/util_assemb-impl.vhd Line: 28
    Warning (15610): No output dependent on input pin "wci_in.MData[20]" File: /home/user/opencpi/ocpi_util/tests/pytests/utilization_proj/hdl/assemblies/util_assemb/target-stratix4/util_assemb-impl.vhd Line: 28
    Warning (15610): No output dependent on input pin "wci_in.MData[21]" File: /home/user/opencpi/ocpi_util/tests/pytests/utilization_proj/hdl/assemblies/util_assemb/target-stratix4/util_assemb-impl.vhd Line: 28
    Warning (15610): No output dependent on input pin "wci_in.MData[22]" File: /home/user/opencpi/ocpi_util/tests/pytests/utilization_proj/hdl/assemblies/util_assemb/target-stratix4/util_assemb-impl.vhd Line: 28
    Warning (15610): No output dependent on input pin "wci_in.MData[23]" File: /home/user/opencpi/ocpi_util/tests/pytests/utilization_proj/hdl/assemblies/util_assemb/target-stratix4/util_assemb-impl.vhd Line: 28
    Warning (15610): No output dependent on input pin "wci_in.MData[24]" File: /home/user/opencpi/ocpi_util/tests/pytests/utilization_proj/hdl/assemblies/util_assemb/target-stratix4/util_assemb-impl.vhd Line: 28
    Warning (15610): No output dependent on input pin "wci_in.MData[25]" File: /home/user/opencpi/ocpi_util/tests/pytests/utilization_proj/hdl/assemblies/util_assemb/target-stratix4/util_assemb-impl.vhd Line: 28
    Warning (15610): No output dependent on input pin "wci_in.MData[26]" File: /home/user/opencpi/ocpi_util/tests/pytests/utilization_proj/hdl/assemblies/util_assemb/target-stratix4/util_assemb-impl.vhd Line: 28
    Warning (15610): No output dependent on input pin "wci_in.MData[27]" File: /home/user/opencpi/ocpi_util/tests/pytests/utilization_proj/hdl/assemblies/util_assemb/target-stratix4/util_assemb-impl.vhd Line: 28
    Warning (15610): No output dependent on input pin "wci_in.MData[28]" File: /home/user/opencpi/ocpi_util/tests/pytests/utilization_proj/hdl/assemblies/util_assemb/target-stratix4/util_assemb-impl.vhd Line: 28
    Warning (15610): No output dependent on input pin "wci_in.MData[29]" File: /home/user/opencpi/ocpi_util/tests/pytests/utilization_proj/hdl/assemblies/util_assemb/target-stratix4/util_assemb-impl.vhd Line: 28
    Warning (15610): No output dependent on input pin "wci_in.MData[30]" File: /home/user/opencpi/ocpi_util/tests/pytests/utilization_proj/hdl/assemblies/util_assemb/target-stratix4/util_assemb-impl.vhd Line: 28
    Warning (15610): No output dependent on input pin "wci_in.MData[31]" File: /home/user/opencpi/ocpi_util/tests/pytests/utilization_proj/hdl/assemblies/util_assemb/target-stratix4/util_assemb-impl.vhd Line: 28
    Warning (15610): No output dependent on input pin "wci_in.MAddr[5]" File: /home/user/opencpi/ocpi_util/tests/pytests/utilization_proj/hdl/assemblies/util_assemb/target-stratix4/util_assemb-impl.vhd Line: 28
    Warning (15610): No output dependent on input pin "wci_in.MAddr[6]" File: /home/user/opencpi/ocpi_util/tests/pytests/utilization_proj/hdl/assemblies/util_assemb/target-stratix4/util_assemb-impl.vhd Line: 28
    Warning (15610): No output dependent on input pin "wci_in.MAddr[7]" File: /home/user/opencpi/ocpi_util/tests/pytests/utilization_proj/hdl/assemblies/util_assemb/target-stratix4/util_assemb-impl.vhd Line: 28
    Warning (15610): No output dependent on input pin "wci_in.MAddr[8]" File: /home/user/opencpi/ocpi_util/tests/pytests/utilization_proj/hdl/assemblies/util_assemb/target-stratix4/util_assemb-impl.vhd Line: 28
    Warning (15610): No output dependent on input pin "wci_in.MAddr[9]" File: /home/user/opencpi/ocpi_util/tests/pytests/utilization_proj/hdl/assemblies/util_assemb/target-stratix4/util_assemb-impl.vhd Line: 28
    Warning (15610): No output dependent on input pin "wci_in.MAddr[10]" File: /home/user/opencpi/ocpi_util/tests/pytests/utilization_proj/hdl/assemblies/util_assemb/target-stratix4/util_assemb-impl.vhd Line: 28
    Warning (15610): No output dependent on input pin "wci_in.MAddr[11]" File: /home/user/opencpi/ocpi_util/tests/pytests/utilization_proj/hdl/assemblies/util_assemb/target-stratix4/util_assemb-impl.vhd Line: 28
    Warning (15610): No output dependent on input pin "wci_in.MAddr[12]" File: /home/user/opencpi/ocpi_util/tests/pytests/utilization_proj/hdl/assemblies/util_assemb/target-stratix4/util_assemb-impl.vhd Line: 28
    Warning (15610): No output dependent on input pin "wci_in.MAddr[13]" File: /home/user/opencpi/ocpi_util/tests/pytests/utilization_proj/hdl/assemblies/util_assemb/target-stratix4/util_assemb-impl.vhd Line: 28
    Warning (15610): No output dependent on input pin "wci_in.MAddr[14]" File: /home/user/opencpi/ocpi_util/tests/pytests/utilization_proj/hdl/assemblies/util_assemb/target-stratix4/util_assemb-impl.vhd Line: 28
    Warning (15610): No output dependent on input pin "wci_in.MAddr[15]" File: /home/user/opencpi/ocpi_util/tests/pytests/utilization_proj/hdl/assemblies/util_assemb/target-stratix4/util_assemb-impl.vhd Line: 28
    Warning (15610): No output dependent on input pin "wci_in.MAddr[16]" File: /home/user/opencpi/ocpi_util/tests/pytests/utilization_proj/hdl/assemblies/util_assemb/target-stratix4/util_assemb-impl.vhd Line: 28
    Warning (15610): No output dependent on input pin "wci_in.MAddr[17]" File: /home/user/opencpi/ocpi_util/tests/pytests/utilization_proj/hdl/assemblies/util_assemb/target-stratix4/util_assemb-impl.vhd Line: 28
    Warning (15610): No output dependent on input pin "wci_in.MAddr[18]" File: /home/user/opencpi/ocpi_util/tests/pytests/utilization_proj/hdl/assemblies/util_assemb/target-stratix4/util_assemb-impl.vhd Line: 28
    Warning (15610): No output dependent on input pin "wci_in.MAddr[19]" File: /home/user/opencpi/ocpi_util/tests/pytests/utilization_proj/hdl/assemblies/util_assemb/target-stratix4/util_assemb-impl.vhd Line: 28
    Warning (15610): No output dependent on input pin "wci_in.MAddr[20]" File: /home/user/opencpi/ocpi_util/tests/pytests/utilization_proj/hdl/assemblies/util_assemb/target-stratix4/util_assemb-impl.vhd Line: 28
    Warning (15610): No output dependent on input pin "wci_in.MAddr[21]" File: /home/user/opencpi/ocpi_util/tests/pytests/utilization_proj/hdl/assemblies/util_assemb/target-stratix4/util_assemb-impl.vhd Line: 28
    Warning (15610): No output dependent on input pin "wci_in.MAddr[22]" File: /home/user/opencpi/ocpi_util/tests/pytests/utilization_proj/hdl/assemblies/util_assemb/target-stratix4/util_assemb-impl.vhd Line: 28
    Warning (15610): No output dependent on input pin "wci_in.MAddr[23]" File: /home/user/opencpi/ocpi_util/tests/pytests/utilization_proj/hdl/assemblies/util_assemb/target-stratix4/util_assemb-impl.vhd Line: 28
    Warning (15610): No output dependent on input pin "wci_in.MAddr[24]" File: /home/user/opencpi/ocpi_util/tests/pytests/utilization_proj/hdl/assemblies/util_assemb/target-stratix4/util_assemb-impl.vhd Line: 28
    Warning (15610): No output dependent on input pin "wci_in.MAddr[25]" File: /home/user/opencpi/ocpi_util/tests/pytests/utilization_proj/hdl/assemblies/util_assemb/target-stratix4/util_assemb-impl.vhd Line: 28
    Warning (15610): No output dependent on input pin "wci_in.MAddr[26]" File: /home/user/opencpi/ocpi_util/tests/pytests/utilization_proj/hdl/assemblies/util_assemb/target-stratix4/util_assemb-impl.vhd Line: 28
    Warning (15610): No output dependent on input pin "wci_in.MAddr[27]" File: /home/user/opencpi/ocpi_util/tests/pytests/utilization_proj/hdl/assemblies/util_assemb/target-stratix4/util_assemb-impl.vhd Line: 28
    Warning (15610): No output dependent on input pin "wci_in.MAddr[28]" File: /home/user/opencpi/ocpi_util/tests/pytests/utilization_proj/hdl/assemblies/util_assemb/target-stratix4/util_assemb-impl.vhd Line: 28
    Warning (15610): No output dependent on input pin "wci_in.MAddr[29]" File: /home/user/opencpi/ocpi_util/tests/pytests/utilization_proj/hdl/assemblies/util_assemb/target-stratix4/util_assemb-impl.vhd Line: 28
    Warning (15610): No output dependent on input pin "wci_in.MAddr[30]" File: /home/user/opencpi/ocpi_util/tests/pytests/utilization_proj/hdl/assemblies/util_assemb/target-stratix4/util_assemb-impl.vhd Line: 28
    Warning (15610): No output dependent on input pin "wci_in.MAddr[31]" File: /home/user/opencpi/ocpi_util/tests/pytests/utilization_proj/hdl/assemblies/util_assemb/target-stratix4/util_assemb-impl.vhd Line: 28
Info (21057): Implemented 176 device resources after synthesis - the final resource count might be different
    Info (21058): Implemented 93 input pins
    Info (21059): Implemented 38 output pins
    Info (21061): Implemented 45 logic cells
Info: Quartus Prime Analysis & Synthesis was successful. 0 errors, 89 warnings
    Info: Peak virtual memory: 1205 megabytes
    Info: Processing ended: Tue Oct 16 16:12:44 2018
    Info: Elapsed time: 00:00:11
    Info: Total CPU time (on all processors): 00:00:31
0:11.41
